<?xml version="1.0" encoding="ISO-8859-1" ?>
<link_info>
   <banner>TI ARM Linker PC v18.12.3.LTS</banner>
   <copyright>Copyright (c) 1996-2018 Texas Instruments Incorporated</copyright>
   <link_time>0x5ddf3f68</link_time>
   <link_errors>0x0</link_errors>
   <output_file>lmao.out</output_file>
   <entry_point>
      <name>_c_int00_noargs</name>
      <address>0x17d5</address>
   </entry_point>
   <input_file_list>
      <input_file id="fl-2">
         <path>.\</path>
         <kind>object</kind>
         <file>main.obj</file>
         <name>main.obj</name>
      </input_file>
      <input_file id="fl-3">
         <path>.\</path>
         <kind>object</kind>
         <file>tm4c123gh6pm_startup_ccs.obj</file>
         <name>tm4c123gh6pm_startup_ccs.obj</name>
      </input_file>
      <input_file id="fl-9">
         <kind>object</kind>
         <file>&lt;internal&gt;</file>
         <name>&lt;internal&gt;</name>
      </input_file>
      <input_file id="fl-bf">
         <path>C:\ti\ccs920\ccs\tools\compiler\ti-cgt-arm_18.12.3.LTS\lib\</path>
         <kind>archive</kind>
         <file>rtsv7M4_T_le_v4SPD16_eabi.lib</file>
         <name>u_divt2.asm.obj</name>
      </input_file>
      <input_file id="fl-c0">
         <path>C:\ti\ccs920\ccs\tools\compiler\ti-cgt-arm_18.12.3.LTS\lib\</path>
         <kind>archive</kind>
         <file>rtsv7M4_T_le_v4SPD16_eabi.lib</file>
         <name>copy_zero_init.c.obj</name>
      </input_file>
      <input_file id="fl-c1">
         <path>C:\ti\ccs920\ccs\tools\compiler\ti-cgt-arm_18.12.3.LTS\lib\</path>
         <kind>archive</kind>
         <file>rtsv7M4_T_le_v4SPD16_eabi.lib</file>
         <name>copy_decompress_none.c.obj</name>
      </input_file>
      <input_file id="fl-c2">
         <path>C:\ti\ccs920\ccs\tools\compiler\ti-cgt-arm_18.12.3.LTS\lib\</path>
         <kind>archive</kind>
         <file>rtsv7M4_T_le_v4SPD16_eabi.lib</file>
         <name>copy_decompress_lzss.c.obj</name>
      </input_file>
      <input_file id="fl-c3">
         <path>C:\ti\ccs920\ccs\tools\compiler\ti-cgt-arm_18.12.3.LTS\lib\</path>
         <kind>archive</kind>
         <file>rtsv7M4_T_le_v4SPD16_eabi.lib</file>
         <name>boot_cortex_m.c.obj</name>
      </input_file>
      <input_file id="fl-c4">
         <path>C:\ti\ccs920\ccs\tools\compiler\ti-cgt-arm_18.12.3.LTS\lib\</path>
         <kind>archive</kind>
         <file>rtsv7M4_T_le_v4SPD16_eabi.lib</file>
         <name>div0.asm.obj</name>
      </input_file>
      <input_file id="fl-c5">
         <path>C:\ti\ccs920\ccs\tools\compiler\ti-cgt-arm_18.12.3.LTS\lib\</path>
         <kind>archive</kind>
         <file>rtsv7M4_T_le_v4SPD16_eabi.lib</file>
         <name>memset_t2.asm.obj</name>
      </input_file>
      <input_file id="fl-c6">
         <path>C:\ti\ccs920\ccs\tools\compiler\ti-cgt-arm_18.12.3.LTS\lib\</path>
         <kind>archive</kind>
         <file>rtsv7M4_T_le_v4SPD16_eabi.lib</file>
         <name>memcpy_t2.asm.obj</name>
      </input_file>
      <input_file id="fl-c7">
         <path>C:\ti\ccs920\ccs\tools\compiler\ti-cgt-arm_18.12.3.LTS\lib\</path>
         <kind>archive</kind>
         <file>rtsv7M4_T_le_v4SPD16_eabi.lib</file>
         <name>autoinit.c.obj</name>
      </input_file>
      <input_file id="fl-c8">
         <path>C:\ti\ccs920\ccs\tools\compiler\ti-cgt-arm_18.12.3.LTS\lib\</path>
         <kind>archive</kind>
         <file>rtsv7M4_T_le_v4SPD16_eabi.lib</file>
         <name>pre_init.c.obj</name>
      </input_file>
      <input_file id="fl-c9">
         <path>C:\ti\ccs920\ccs\tools\compiler\ti-cgt-arm_18.12.3.LTS\lib\</path>
         <kind>archive</kind>
         <file>rtsv7M4_T_le_v4SPD16_eabi.lib</file>
         <name>cpy_tbl.c.obj</name>
      </input_file>
      <input_file id="fl-ca">
         <path>C:\ti\ccs920\ccs\tools\compiler\ti-cgt-arm_18.12.3.LTS\lib\</path>
         <kind>archive</kind>
         <file>rtsv7M4_T_le_v4SPD16_eabi.lib</file>
         <name>exit.c.obj</name>
      </input_file>
      <input_file id="fl-cb">
         <path>C:\ti\ccs920\ccs\tools\compiler\ti-cgt-arm_18.12.3.LTS\lib\</path>
         <kind>archive</kind>
         <file>rtsv7M4_T_le_v4SPD16_eabi.lib</file>
         <name>_lock.c.obj</name>
      </input_file>
      <input_file id="fl-cc">
         <path>C:\ti\ccs920\ccs\tools\compiler\ti-cgt-arm_18.12.3.LTS\lib\</path>
         <kind>archive</kind>
         <file>rtsv7M4_T_le_v4SPD16_eabi.lib</file>
         <name>args_main.c.obj</name>
      </input_file>
      <input_file id="fl-cd">
         <path>C:\ti\TivaWare_C_Series-2.1.4.178\sensorlib\ccs\Debug\</path>
         <kind>archive</kind>
         <file>sensorlib.lib</file>
         <name>i2cm_drv.obj</name>
      </input_file>
      <input_file id="fl-ce">
         <path>C:\ti\TivaWare_C_Series-2.1.4.178\driverlib\ccs\Debug\</path>
         <kind>archive</kind>
         <file>driverlib.lib</file>
         <name>gpio.obj</name>
      </input_file>
      <input_file id="fl-cf">
         <path>C:\ti\TivaWare_C_Series-2.1.4.178\driverlib\ccs\Debug\</path>
         <kind>archive</kind>
         <file>driverlib.lib</file>
         <name>i2c.obj</name>
      </input_file>
      <input_file id="fl-d0">
         <path>C:\ti\TivaWare_C_Series-2.1.4.178\driverlib\ccs\Debug\</path>
         <kind>archive</kind>
         <file>driverlib.lib</file>
         <name>interrupt.obj</name>
      </input_file>
      <input_file id="fl-d1">
         <path>C:\ti\TivaWare_C_Series-2.1.4.178\driverlib\ccs\Debug\</path>
         <kind>archive</kind>
         <file>driverlib.lib</file>
         <name>sysctl.obj</name>
      </input_file>
      <input_file id="fl-d2">
         <path>C:\ti\TivaWare_C_Series-2.1.4.178\driverlib\ccs\Debug\</path>
         <kind>archive</kind>
         <file>driverlib.lib</file>
         <name>uart.obj</name>
      </input_file>
      <input_file id="fl-d3">
         <path>C:\ti\TivaWare_C_Series-2.1.4.178\driverlib\ccs\Debug\</path>
         <kind>archive</kind>
         <file>driverlib.lib</file>
         <name>cpu.obj</name>
      </input_file>
   </input_file_list>
   <object_component_list>
      <object_component id="oc-f">
         <name>.intvecs</name>
         <load_address>0x0</load_address>
         <run_address>0x0</run_address>
         <size>0x26c</size>
         <input_file_ref idref="fl-3"/>
      </object_component>
      <object_component id="oc-98">
         <name>.text</name>
         <load_address>0x26c</load_address>
         <run_address>0x26c</run_address>
         <size>0xbcc</size>
         <input_file_ref idref="fl-2"/>
      </object_component>
      <object_component id="oc-1ea">
         <name>.text:GPIOPadConfigSet</name>
         <load_address>0xe38</load_address>
         <run_address>0xe38</run_address>
         <size>0x132</size>
         <input_file_ref idref="fl-ce"/>
      </object_component>
      <object_component id="oc-1c0">
         <name>.text</name>
         <load_address>0xf6a</load_address>
         <run_address>0xf6a</run_address>
         <size>0x2</size>
         <input_file_ref idref="fl-c4"/>
      </object_component>
      <object_component id="oc-13f">
         <name>.text:SysCtlClockGet</name>
         <load_address>0xf6c</load_address>
         <run_address>0xf6c</run_address>
         <size>0x110</size>
         <input_file_ref idref="fl-d1"/>
      </object_component>
      <object_component id="oc-127">
         <name>.text:SysCtlClockSet</name>
         <load_address>0x107c</load_address>
         <run_address>0x107c</run_address>
         <size>0xf4</size>
         <input_file_ref idref="fl-d1"/>
      </object_component>
      <object_component id="oc-38">
         <name>.text</name>
         <load_address>0x1170</load_address>
         <run_address>0x1170</run_address>
         <size>0x9c</size>
         <input_file_ref idref="fl-c6"/>
      </object_component>
      <object_component id="oc-1c6">
         <name>.text:I2CMCommand</name>
         <load_address>0x120c</load_address>
         <run_address>0x120c</run_address>
         <size>0x88</size>
         <input_file_ref idref="fl-cd"/>
      </object_component>
      <object_component id="oc-10f">
         <name>.text:I2CMReadModifyWrite8</name>
         <load_address>0x1294</load_address>
         <run_address>0x1294</run_address>
         <size>0x78</size>
         <input_file_ref idref="fl-cd"/>
      </object_component>
      <object_component id="oc-237">
         <name>.text:IntDisable</name>
         <load_address>0x130c</load_address>
         <run_address>0x130c</run_address>
         <size>0x68</size>
         <input_file_ref idref="fl-d0"/>
      </object_component>
      <object_component id="oc-243">
         <name>.text:IntEnable</name>
         <load_address>0x1374</load_address>
         <run_address>0x1374</run_address>
         <size>0x68</size>
         <input_file_ref idref="fl-d0"/>
      </object_component>
      <object_component id="oc-12">
         <name>.text:decompress:lzss:__TI_decompress_lzss</name>
         <load_address>0x13dc</load_address>
         <run_address>0x13dc</run_address>
         <size>0x68</size>
         <input_file_ref idref="fl-c2"/>
      </object_component>
      <object_component id="oc-231">
         <name>.text:IntIsEnabled</name>
         <load_address>0x1444</load_address>
         <run_address>0x1444</run_address>
         <size>0x64</size>
         <input_file_ref idref="fl-d0"/>
      </object_component>
      <object_component id="oc-1d7">
         <name>.text:I2CMReadModifyWrite8Callback</name>
         <load_address>0x14a8</load_address>
         <run_address>0x14a8</run_address>
         <size>0x60</size>
         <input_file_ref idref="fl-cd"/>
      </object_component>
      <object_component id="oc-109">
         <name>.text:I2CMWrite8</name>
         <load_address>0x1508</load_address>
         <run_address>0x1508</run_address>
         <size>0x54</size>
         <input_file_ref idref="fl-cd"/>
      </object_component>
      <object_component id="oc-145">
         <name>.text:I2CMasterInitExpClk</name>
         <load_address>0x155c</load_address>
         <run_address>0x155c</run_address>
         <size>0x4c</size>
         <input_file_ref idref="fl-cf"/>
      </object_component>
      <object_component id="oc-115">
         <name>.text:GPIOPinConfigure</name>
         <load_address>0x15a8</load_address>
         <run_address>0x15a8</run_address>
         <size>0x48</size>
         <input_file_ref idref="fl-ce"/>
      </object_component>
      <object_component id="oc-d2">
         <name>.text:UARTConfigSetExpClk</name>
         <load_address>0x15f0</load_address>
         <run_address>0x15f0</run_address>
         <size>0x46</size>
         <input_file_ref idref="fl-d2"/>
      </object_component>
      <object_component id="oc-173">
         <name>.text:__TI_auto_init_nobinit_nopinit:__TI_auto_init_nobinit_nopinit</name>
         <load_address>0x1638</load_address>
         <run_address>0x1638</run_address>
         <size>0x44</size>
         <input_file_ref idref="fl-c7"/>
      </object_component>
      <object_component id="oc-1cf">
         <name>.text:I2CMWrite8Callback</name>
         <load_address>0x167c</load_address>
         <run_address>0x167c</run_address>
         <size>0x40</size>
         <input_file_ref idref="fl-cd"/>
      </object_component>
      <object_component id="oc-f3">
         <name>.text</name>
         <load_address>0x16bc</load_address>
         <run_address>0x16bc</run_address>
         <size>0x40</size>
         <input_file_ref idref="fl-bf"/>
      </object_component>
      <object_component id="oc-c6">
         <name>.text:SysCtlPeripheralPresent</name>
         <load_address>0x16fc</load_address>
         <run_address>0x16fc</run_address>
         <size>0x38</size>
         <input_file_ref idref="fl-d1"/>
      </object_component>
      <object_component id="oc-f8">
         <name>.text:I2CMRead</name>
         <load_address>0x1734</load_address>
         <run_address>0x1734</run_address>
         <size>0x36</size>
         <input_file_ref idref="fl-2"/>
      </object_component>
      <object_component id="oc-102">
         <name>.text:I2CMWrite</name>
         <load_address>0x176a</load_address>
         <run_address>0x176a</run_address>
         <size>0x36</size>
         <input_file_ref idref="fl-2"/>
      </object_component>
      <object_component id="oc-cc">
         <name>.text:SysCtlPeripheralEnable</name>
         <load_address>0x17a0</load_address>
         <run_address>0x17a0</run_address>
         <size>0x34</size>
         <input_file_ref idref="fl-d1"/>
      </object_component>
      <object_component id="oc-56">
         <name>.text:_c_int00_noargs:_c_int00_noargs</name>
         <load_address>0x17d4</load_address>
         <run_address>0x17d4</run_address>
         <size>0x34</size>
         <input_file_ref idref="fl-c3"/>
      </object_component>
      <object_component id="oc-24a">
         <name>.text:I2CMTransferResume</name>
         <load_address>0x1808</load_address>
         <run_address>0x1808</run_address>
         <size>0x30</size>
         <input_file_ref idref="fl-cd"/>
      </object_component>
      <object_component id="oc-1e4">
         <name>.text:GPIODirModeSet</name>
         <load_address>0x1838</load_address>
         <run_address>0x1838</run_address>
         <size>0x2a</size>
         <input_file_ref idref="fl-ce"/>
      </object_component>
      <object_component id="oc-1af">
         <name>.text:UARTDisable</name>
         <load_address>0x1864</load_address>
         <run_address>0x1864</run_address>
         <size>0x20</size>
         <input_file_ref idref="fl-d2"/>
      </object_component>
      <object_component id="oc-44">
         <name>.text:decompress:ZI:__TI_zero_init_nomemset:__TI_zero_init_nomemset</name>
         <load_address>0x1884</load_address>
         <run_address>0x1884</run_address>
         <size>0x1c</size>
         <input_file_ref idref="fl-c0"/>
      </object_component>
      <object_component id="oc-d8">
         <name>.text:UARTEnable</name>
         <load_address>0x18a0</load_address>
         <run_address>0x18a0</run_address>
         <size>0x14</size>
         <input_file_ref idref="fl-d2"/>
      </object_component>
      <object_component id="oc-133">
         <name>.text:GPIOPinTypeI2C</name>
         <load_address>0x18b4</load_address>
         <run_address>0x18b4</run_address>
         <size>0x12</size>
         <input_file_ref idref="fl-ce"/>
      </object_component>
      <object_component id="oc-12d">
         <name>.text:GPIOPinTypeI2CSCL</name>
         <load_address>0x18c6</load_address>
         <run_address>0x18c6</run_address>
         <size>0x12</size>
         <input_file_ref idref="fl-ce"/>
      </object_component>
      <object_component id="oc-121">
         <name>.text:GPIOPinTypeUART</name>
         <load_address>0x18d8</load_address>
         <run_address>0x18d8</run_address>
         <size>0x12</size>
         <input_file_ref idref="fl-ce"/>
      </object_component>
      <object_component id="oc-18">
         <name>.text:decompress:none:__TI_decompress_none</name>
         <load_address>0x18ea</load_address>
         <run_address>0x18ea</run_address>
         <size>0xe</size>
         <input_file_ref idref="fl-c1"/>
      </object_component>
      <object_component id="oc-23d">
         <name>.text:IntTrigger</name>
         <load_address>0x18f8</load_address>
         <run_address>0x18f8</run_address>
         <size>0xc</size>
         <input_file_ref idref="fl-d0"/>
      </object_component>
      <object_component id="oc-24">
         <name>.text</name>
         <load_address>0x1904</load_address>
         <run_address>0x1904</run_address>
         <size>0xc</size>
         <input_file_ref idref="fl-3"/>
      </object_component>
      <object_component id="oc-139">
         <name>.text:I2CLoopbackEnable</name>
         <load_address>0x1910</load_address>
         <run_address>0x1910</run_address>
         <size>0xa</size>
         <input_file_ref idref="fl-cf"/>
      </object_component>
      <object_component id="oc-1fb">
         <name>.text:I2CMasterEnable</name>
         <load_address>0x191a</load_address>
         <run_address>0x191a</run_address>
         <size>0xa</size>
         <input_file_ref idref="fl-cf"/>
      </object_component>
      <object_component id="oc-e4">
         <name>.text:UARTCharGet</name>
         <load_address>0x1924</load_address>
         <run_address>0x1924</run_address>
         <size>0xa</size>
         <input_file_ref idref="fl-d2"/>
      </object_component>
      <object_component id="oc-de">
         <name>.text:UARTCharPut</name>
         <load_address>0x192e</load_address>
         <run_address>0x192e</run_address>
         <size>0xa</size>
         <input_file_ref idref="fl-d2"/>
      </object_component>
      <object_component id="oc-1f1">
         <name>.text:SysCtlDelay</name>
         <load_address>0x1938</load_address>
         <run_address>0x1938</run_address>
         <size>0x6</size>
         <input_file_ref idref="fl-d1"/>
      </object_component>
      <object_component id="oc-11b">
         <name>.text:UARTClockSourceSet</name>
         <load_address>0x193e</load_address>
         <run_address>0x193e</run_address>
         <size>0x6</size>
         <input_file_ref idref="fl-d2"/>
      </object_component>
      <object_component id="oc-92">
         <name>.text:_system_pre_init</name>
         <load_address>0x1944</load_address>
         <run_address>0x1944</run_address>
         <size>0x4</size>
         <input_file_ref idref="fl-c8"/>
      </object_component>
      <object_component id="oc-167">
         <name>.text:abort:abort</name>
         <load_address>0x1948</load_address>
         <run_address>0x1948</run_address>
         <size>0x4</size>
         <input_file_ref idref="fl-ca"/>
      </object_component>
      <object_component id="oc-1de">
         <name>.const:g_pui32GPIOBaseAddrs</name>
         <load_address>0x194c</load_address>
         <run_address>0x194c</run_address>
         <size>0x90</size>
         <input_file_ref idref="fl-ce"/>
      </object_component>
      <object_component id="oc-285">
         <name>.const</name>
         <load_address>0x19dc</load_address>
         <run_address>0x19dc</run_address>
         <size>0x70</size>
         <input_file_ref idref="fl-d0"/>
      </object_component>
      <object_component id="oc-1f7">
         <name>.const:g_pui32Xtals</name>
         <load_address>0x1a4c</load_address>
         <run_address>0x1a4c</run_address>
         <size>0x6c</size>
         <input_file_ref idref="fl-d1"/>
      </object_component>
      <object_component id="oc-1cc">
         <name>.const:.string</name>
         <load_address>0x1ab8</load_address>
         <run_address>0x1ab8</run_address>
         <size>0x12</size>
         <input_file_ref idref="fl-2"/>
      </object_component>
      <object_component id="oc-14b">
         <name>.const:g_fMPU6050AccelFactors</name>
         <load_address>0x1acc</load_address>
         <run_address>0x1acc</run_address>
         <size>0x10</size>
         <input_file_ref idref="fl-2"/>
      </object_component>
      <object_component id="oc-14e">
         <name>.const:g_fMPU6050GyroFactors</name>
         <load_address>0x1adc</load_address>
         <run_address>0x1adc</run_address>
         <size>0x10</size>
         <input_file_ref idref="fl-2"/>
      </object_component>
      <object_component id="oc-f0">
         <name>.const:g_ui32UARTBase</name>
         <load_address>0x1aec</load_address>
         <run_address>0x1aec</run_address>
         <size>0xc</size>
         <input_file_ref idref="fl-2"/>
      </object_component>
      <object_component id="oc-ea">
         <name>.const:g_ui32UARTPeriph</name>
         <load_address>0x1af8</load_address>
         <run_address>0x1af8</run_address>
         <size>0xc</size>
         <input_file_ref idref="fl-2"/>
      </object_component>
      <object_component id="oc-ff">
         <name>.const</name>
         <load_address>0x1b04</load_address>
         <run_address>0x1b04</run_address>
         <size>0x4</size>
         <input_file_ref idref="fl-2"/>
      </object_component>
      <object_component id="oc-2c8">
         <name>__TI_handler_table</name>
         <load_address>0x1b08</load_address>
         <run_address>0x1b08</run_address>
         <size>0xc</size>
      </object_component>
      <object_component id="oc-2cb">
         <name>.cinit..bss.load</name>
         <load_address>0x1b18</load_address>
         <run_address>0x1b18</run_address>
         <size>0x8</size>
      </object_component>
      <object_component id="oc-2ca">
         <name>.cinit..data.load</name>
         <load_address>0x1b20</load_address>
         <run_address>0x1b20</run_address>
         <size>0x7</size>
      </object_component>
      <object_component id="oc-2c9">
         <name>__TI_cinit_table</name>
         <load_address>0x1b28</load_address>
         <run_address>0x1b28</run_address>
         <size>0x10</size>
      </object_component>
      <object_component id="oc-ed">
         <name>.data</name>
         <load_address>0x20000200</load_address>
         <run_address>0x20000200</run_address>
         <size>0x5</size>
         <input_file_ref idref="fl-2"/>
      </object_component>
      <object_component id="oc-151">
         <name>.common:g_bMPU6050Done</name>
         <uninitialized>true</uninitialized>
         <run_address>0x20000205</run_address>
         <size>0x1</size>
      </object_component>
      <object_component id="oc-21">
         <name>.stack</name>
         <uninitialized>true</uninitialized>
         <run_address>0x20000000</run_address>
         <size>0x4</size>
         <input_file_ref idref="fl-c3"/>
      </object_component>
      <object_component id="oc-2cc">
         <name>.stack</name>
         <uninitialized>true</uninitialized>
         <run_address>0x20000000</run_address>
         <size>0x0</size>
      </object_component>
      <object_component id="oc-b4">
         <name>.debug_info</name>
         <load_address>0x0</load_address>
         <run_address>0x0</run_address>
         <size>0x803</size>
         <input_file_ref idref="fl-2"/>
      </object_component>
      <object_component id="oc-ee">
         <name>.debug_info</name>
         <load_address>0x803</load_address>
         <run_address>0x803</run_address>
         <size>0xcc</size>
         <input_file_ref idref="fl-2"/>
      </object_component>
      <object_component id="oc-100">
         <name>.debug_info</name>
         <load_address>0x8cf</load_address>
         <run_address>0x8cf</run_address>
         <size>0xc6</size>
         <input_file_ref idref="fl-2"/>
      </object_component>
      <object_component id="oc-f1">
         <name>.debug_info</name>
         <load_address>0x995</load_address>
         <run_address>0x995</run_address>
         <size>0xd4</size>
         <input_file_ref idref="fl-2"/>
      </object_component>
      <object_component id="oc-eb">
         <name>.debug_info</name>
         <load_address>0xa69</load_address>
         <run_address>0xa69</run_address>
         <size>0xd8</size>
         <input_file_ref idref="fl-2"/>
      </object_component>
      <object_component id="oc-14c">
         <name>.debug_info</name>
         <load_address>0xb41</load_address>
         <run_address>0xb41</run_address>
         <size>0xe4</size>
         <input_file_ref idref="fl-2"/>
      </object_component>
      <object_component id="oc-14f">
         <name>.debug_info</name>
         <load_address>0xc25</load_address>
         <run_address>0xc25</run_address>
         <size>0xe2</size>
         <input_file_ref idref="fl-2"/>
      </object_component>
      <object_component id="oc-103">
         <name>.debug_info</name>
         <load_address>0xd07</load_address>
         <run_address>0xd07</run_address>
         <size>0x272</size>
         <input_file_ref idref="fl-2"/>
      </object_component>
      <object_component id="oc-f9">
         <name>.debug_info</name>
         <load_address>0xf79</load_address>
         <run_address>0xf79</run_address>
         <size>0x2de</size>
         <input_file_ref idref="fl-2"/>
      </object_component>
      <object_component id="oc-99">
         <name>.debug_info</name>
         <load_address>0x1257</load_address>
         <run_address>0x1257</run_address>
         <size>0x1cd1</size>
         <input_file_ref idref="fl-2"/>
      </object_component>
      <object_component id="oc-153">
         <name>.debug_info</name>
         <load_address>0x2f28</load_address>
         <run_address>0x2f28</run_address>
         <size>0x4e6</size>
         <input_file_ref idref="fl-2"/>
      </object_component>
      <object_component id="oc-158">
         <name>.debug_info</name>
         <load_address>0x340e</load_address>
         <run_address>0x340e</run_address>
         <size>0x158</size>
         <input_file_ref idref="fl-2"/>
      </object_component>
      <object_component id="oc-6d">
         <name>.debug_info</name>
         <load_address>0x3566</load_address>
         <run_address>0x3566</run_address>
         <size>0x26b</size>
         <input_file_ref idref="fl-2"/>
      </object_component>
      <object_component id="oc-af">
         <name>.debug_info</name>
         <load_address>0x37d1</load_address>
         <run_address>0x37d1</run_address>
         <size>0x8b</size>
         <input_file_ref idref="fl-2"/>
      </object_component>
      <object_component id="oc-aa">
         <name>.debug_info</name>
         <load_address>0x385c</load_address>
         <run_address>0x385c</run_address>
         <size>0x297</size>
         <input_file_ref idref="fl-2"/>
      </object_component>
      <object_component id="oc-15d">
         <name>.debug_info</name>
         <load_address>0x3af3</load_address>
         <run_address>0x3af3</run_address>
         <size>0xef</size>
         <input_file_ref idref="fl-2"/>
      </object_component>
      <object_component id="oc-72">
         <name>.debug_info</name>
         <load_address>0x3be2</load_address>
         <run_address>0x3be2</run_address>
         <size>0xbb</size>
         <input_file_ref idref="fl-2"/>
      </object_component>
      <object_component id="oc-162">
         <name>.debug_info</name>
         <load_address>0x3c9d</load_address>
         <run_address>0x3c9d</run_address>
         <size>0x2c</size>
         <input_file_ref idref="fl-2"/>
      </object_component>
      <object_component id="oc-2c">
         <name>.debug_info</name>
         <load_address>0x3cc9</load_address>
         <run_address>0x3cc9</run_address>
         <size>0x2a6</size>
         <input_file_ref idref="fl-3"/>
      </object_component>
      <object_component id="oc-10">
         <name>.debug_info</name>
         <load_address>0x3f6f</load_address>
         <run_address>0x3f6f</run_address>
         <size>0xe5</size>
         <input_file_ref idref="fl-3"/>
      </object_component>
      <object_component id="oc-25">
         <name>.debug_info</name>
         <load_address>0x4054</load_address>
         <run_address>0x4054</run_address>
         <size>0x261</size>
         <input_file_ref idref="fl-3"/>
      </object_component>
      <object_component id="oc-33">
         <name>.debug_info</name>
         <load_address>0x42b5</load_address>
         <run_address>0x42b5</run_address>
         <size>0x84</size>
         <input_file_ref idref="fl-3"/>
      </object_component>
      <object_component id="oc-f5">
         <name>.debug_info</name>
         <load_address>0x4339</load_address>
         <run_address>0x4339</run_address>
         <size>0x143</size>
         <input_file_ref idref="fl-bf"/>
      </object_component>
      <object_component id="oc-8b">
         <name>.debug_info</name>
         <load_address>0x447c</load_address>
         <run_address>0x447c</run_address>
         <size>0x2d5</size>
         <input_file_ref idref="fl-c0"/>
      </object_component>
      <object_component id="oc-47">
         <name>.debug_info</name>
         <load_address>0x4751</load_address>
         <run_address>0x4751</run_address>
         <size>0x1d3</size>
         <input_file_ref idref="fl-c0"/>
      </object_component>
      <object_component id="oc-86">
         <name>.debug_info</name>
         <load_address>0x4924</load_address>
         <run_address>0x4924</run_address>
         <size>0x46</size>
         <input_file_ref idref="fl-c0"/>
      </object_component>
      <object_component id="oc-bd">
         <name>.debug_info</name>
         <load_address>0x496a</load_address>
         <run_address>0x496a</run_address>
         <size>0x2c</size>
         <input_file_ref idref="fl-c0"/>
      </object_component>
      <object_component id="oc-43">
         <name>.debug_info</name>
         <load_address>0x4996</load_address>
         <run_address>0x4996</run_address>
         <size>0x2a9</size>
         <input_file_ref idref="fl-c1"/>
      </object_component>
      <object_component id="oc-1a">
         <name>.debug_info</name>
         <load_address>0x4c3f</load_address>
         <run_address>0x4c3f</run_address>
         <size>0x1eb</size>
         <input_file_ref idref="fl-c1"/>
      </object_component>
      <object_component id="oc-3e">
         <name>.debug_info</name>
         <load_address>0x4e2a</load_address>
         <run_address>0x4e2a</run_address>
         <size>0x46</size>
         <input_file_ref idref="fl-c1"/>
      </object_component>
      <object_component id="oc-7e">
         <name>.debug_info</name>
         <load_address>0x4e70</load_address>
         <run_address>0x4e70</run_address>
         <size>0x2c</size>
         <input_file_ref idref="fl-c1"/>
      </object_component>
      <object_component id="oc-7c">
         <name>.debug_info</name>
         <load_address>0x4e9c</load_address>
         <run_address>0x4e9c</run_address>
         <size>0x29f</size>
         <input_file_ref idref="fl-c2"/>
      </object_component>
      <object_component id="oc-16">
         <name>.debug_info</name>
         <load_address>0x513b</load_address>
         <run_address>0x513b</run_address>
         <size>0x251</size>
         <input_file_ref idref="fl-c2"/>
      </object_component>
      <object_component id="oc-2e">
         <name>.debug_info</name>
         <load_address>0x538c</load_address>
         <run_address>0x538c</run_address>
         <size>0x60</size>
         <input_file_ref idref="fl-c2"/>
      </object_component>
      <object_component id="oc-b6">
         <name>.debug_info</name>
         <load_address>0x53ec</load_address>
         <run_address>0x53ec</run_address>
         <size>0x46</size>
         <input_file_ref idref="fl-c2"/>
      </object_component>
      <object_component id="oc-77">
         <name>.debug_info</name>
         <load_address>0x5432</load_address>
         <run_address>0x5432</run_address>
         <size>0x39</size>
         <input_file_ref idref="fl-c2"/>
      </object_component>
      <object_component id="oc-22">
         <name>.debug_info</name>
         <load_address>0x546b</load_address>
         <run_address>0x546b</run_address>
         <size>0x10c</size>
         <input_file_ref idref="fl-c3"/>
      </object_component>
      <object_component id="oc-5a">
         <name>.debug_info</name>
         <load_address>0x5577</load_address>
         <run_address>0x5577</run_address>
         <size>0x1aa</size>
         <input_file_ref idref="fl-c3"/>
      </object_component>
      <object_component id="oc-1c1">
         <name>.debug_info</name>
         <load_address>0x5721</load_address>
         <run_address>0x5721</run_address>
         <size>0x116</size>
         <input_file_ref idref="fl-c4"/>
      </object_component>
      <object_component id="oc-3b">
         <name>.debug_info</name>
         <load_address>0x5837</load_address>
         <run_address>0x5837</run_address>
         <size>0x11a</size>
         <input_file_ref idref="fl-c6"/>
      </object_component>
      <object_component id="oc-211">
         <name>.debug_info</name>
         <load_address>0x5951</load_address>
         <run_address>0x5951</run_address>
         <size>0x4b4</size>
         <input_file_ref idref="fl-c7"/>
      </object_component>
      <object_component id="oc-177">
         <name>.debug_info</name>
         <load_address>0x5e05</load_address>
         <run_address>0x5e05</run_address>
         <size>0x1a7</size>
         <input_file_ref idref="fl-c7"/>
      </object_component>
      <object_component id="oc-274">
         <name>.debug_info</name>
         <load_address>0x5fac</load_address>
         <run_address>0x5fac</run_address>
         <size>0x39</size>
         <input_file_ref idref="fl-c7"/>
      </object_component>
      <object_component id="oc-291">
         <name>.debug_info</name>
         <load_address>0x5fe5</load_address>
         <run_address>0x5fe5</run_address>
         <size>0x39</size>
         <input_file_ref idref="fl-c7"/>
      </object_component>
      <object_component id="oc-279">
         <name>.debug_info</name>
         <load_address>0x601e</load_address>
         <run_address>0x601e</run_address>
         <size>0x39</size>
         <input_file_ref idref="fl-c7"/>
      </object_component>
      <object_component id="oc-27e">
         <name>.debug_info</name>
         <load_address>0x6057</load_address>
         <run_address>0x6057</run_address>
         <size>0xcd</size>
         <input_file_ref idref="fl-c7"/>
      </object_component>
      <object_component id="oc-93">
         <name>.debug_info</name>
         <load_address>0x6124</load_address>
         <run_address>0x6124</run_address>
         <size>0x154</size>
         <input_file_ref idref="fl-c8"/>
      </object_component>
      <object_component id="oc-16a">
         <name>.debug_info</name>
         <load_address>0x6278</load_address>
         <run_address>0x6278</run_address>
         <size>0x123</size>
         <input_file_ref idref="fl-ca"/>
      </object_component>
      <object_component id="oc-1d6">
         <name>.debug_info</name>
         <load_address>0x639b</load_address>
         <run_address>0x639b</run_address>
         <size>0x44b</size>
         <input_file_ref idref="fl-cd"/>
      </object_component>
      <object_component id="oc-1ca">
         <name>.debug_info</name>
         <load_address>0x67e6</load_address>
         <run_address>0x67e6</run_address>
         <size>0x484</size>
         <input_file_ref idref="fl-cd"/>
      </object_component>
      <object_component id="oc-24e">
         <name>.debug_info</name>
         <load_address>0x6c6a</load_address>
         <run_address>0x6c6a</run_address>
         <size>0x2a2</size>
         <input_file_ref idref="fl-cd"/>
      </object_component>
      <object_component id="oc-1db">
         <name>.debug_info</name>
         <load_address>0x6f0c</load_address>
         <run_address>0x6f0c</run_address>
         <size>0x2f2</size>
         <input_file_ref idref="fl-cd"/>
      </object_component>
      <object_component id="oc-1d3">
         <name>.debug_info</name>
         <load_address>0x71fe</load_address>
         <run_address>0x71fe</run_address>
         <size>0x2eb</size>
         <input_file_ref idref="fl-cd"/>
      </object_component>
      <object_component id="oc-10d">
         <name>.debug_info</name>
         <load_address>0x74e9</load_address>
         <run_address>0x74e9</run_address>
         <size>0x39f</size>
         <input_file_ref idref="fl-cd"/>
      </object_component>
      <object_component id="oc-113">
         <name>.debug_info</name>
         <load_address>0x7888</load_address>
         <run_address>0x7888</run_address>
         <size>0x3a4</size>
         <input_file_ref idref="fl-cd"/>
      </object_component>
      <object_component id="oc-253">
         <name>.debug_info</name>
         <load_address>0x7c2c</load_address>
         <run_address>0x7c2c</run_address>
         <size>0x4e6</size>
         <input_file_ref idref="fl-cd"/>
      </object_component>
      <object_component id="oc-1a8">
         <name>.debug_info</name>
         <load_address>0x8112</load_address>
         <run_address>0x8112</run_address>
         <size>0x18b</size>
         <input_file_ref idref="fl-cd"/>
      </object_component>
      <object_component id="oc-1e2">
         <name>.debug_info</name>
         <load_address>0x829d</load_address>
         <run_address>0x829d</run_address>
         <size>0x240</size>
         <input_file_ref idref="fl-ce"/>
      </object_component>
      <object_component id="oc-1df">
         <name>.debug_info</name>
         <load_address>0x84dd</load_address>
         <run_address>0x84dd</run_address>
         <size>0x15b</size>
         <input_file_ref idref="fl-ce"/>
      </object_component>
      <object_component id="oc-1e5">
         <name>.debug_info</name>
         <load_address>0x8638</load_address>
         <run_address>0x8638</run_address>
         <size>0x2b3</size>
         <input_file_ref idref="fl-ce"/>
      </object_component>
      <object_component id="oc-1eb">
         <name>.debug_info</name>
         <load_address>0x88eb</load_address>
         <run_address>0x88eb</run_address>
         <size>0x316</size>
         <input_file_ref idref="fl-ce"/>
      </object_component>
      <object_component id="oc-122">
         <name>.debug_info</name>
         <load_address>0x8c01</load_address>
         <run_address>0x8c01</run_address>
         <size>0x27b</size>
         <input_file_ref idref="fl-ce"/>
      </object_component>
      <object_component id="oc-12e">
         <name>.debug_info</name>
         <load_address>0x8e7c</load_address>
         <run_address>0x8e7c</run_address>
         <size>0x27f</size>
         <input_file_ref idref="fl-ce"/>
      </object_component>
      <object_component id="oc-134">
         <name>.debug_info</name>
         <load_address>0x90fb</load_address>
         <run_address>0x90fb</run_address>
         <size>0x279</size>
         <input_file_ref idref="fl-ce"/>
      </object_component>
      <object_component id="oc-116">
         <name>.debug_info</name>
         <load_address>0x9374</load_address>
         <run_address>0x9374</run_address>
         <size>0x280</size>
         <input_file_ref idref="fl-ce"/>
      </object_component>
      <object_component id="oc-1f6">
         <name>.debug_info</name>
         <load_address>0x95f4</load_address>
         <run_address>0x95f4</run_address>
         <size>0x231</size>
         <input_file_ref idref="fl-cf"/>
      </object_component>
      <object_component id="oc-1fd">
         <name>.debug_info</name>
         <load_address>0x9825</load_address>
         <run_address>0x9825</run_address>
         <size>0x24e</size>
         <input_file_ref idref="fl-cf"/>
      </object_component>
      <object_component id="oc-147">
         <name>.debug_info</name>
         <load_address>0x9a73</load_address>
         <run_address>0x9a73</run_address>
         <size>0x2d5</size>
         <input_file_ref idref="fl-cf"/>
      </object_component>
      <object_component id="oc-13b">
         <name>.debug_info</name>
         <load_address>0x9d48</load_address>
         <run_address>0x9d48</run_address>
         <size>0x252</size>
         <input_file_ref idref="fl-cf"/>
      </object_component>
      <object_component id="oc-289">
         <name>.debug_info</name>
         <load_address>0x9f9a</load_address>
         <run_address>0x9f9a</run_address>
         <size>0x20e</size>
         <input_file_ref idref="fl-d0"/>
      </object_component>
      <object_component id="oc-286">
         <name>.debug_info</name>
         <load_address>0xa1a8</load_address>
         <run_address>0xa1a8</run_address>
         <size>0x210</size>
         <input_file_ref idref="fl-d0"/>
      </object_component>
      <object_component id="oc-23e">
         <name>.debug_info</name>
         <load_address>0xa3b8</load_address>
         <run_address>0xa3b8</run_address>
         <size>0x26a</size>
         <input_file_ref idref="fl-d0"/>
      </object_component>
      <object_component id="oc-232">
         <name>.debug_info</name>
         <load_address>0xa622</load_address>
         <run_address>0xa622</run_address>
         <size>0x2a1</size>
         <input_file_ref idref="fl-d0"/>
      </object_component>
      <object_component id="oc-244">
         <name>.debug_info</name>
         <load_address>0xa8c3</load_address>
         <run_address>0xa8c3</run_address>
         <size>0x268</size>
         <input_file_ref idref="fl-d0"/>
      </object_component>
      <object_component id="oc-238">
         <name>.debug_info</name>
         <load_address>0xab2b</load_address>
         <run_address>0xab2b</run_address>
         <size>0x26a</size>
         <input_file_ref idref="fl-d0"/>
      </object_component>
      <object_component id="oc-1ad">
         <name>.debug_info</name>
         <load_address>0xad95</load_address>
         <run_address>0xad95</run_address>
         <size>0x298</size>
         <input_file_ref idref="fl-d1"/>
      </object_component>
      <object_component id="oc-1f8">
         <name>.debug_info</name>
         <load_address>0xb02d</load_address>
         <run_address>0xb02d</run_address>
         <size>0x14d</size>
         <input_file_ref idref="fl-d1"/>
      </object_component>
      <object_component id="oc-c7">
         <name>.debug_info</name>
         <load_address>0xb17a</load_address>
         <run_address>0xb17a</run_address>
         <size>0x283</size>
         <input_file_ref idref="fl-d1"/>
      </object_component>
      <object_component id="oc-cd">
         <name>.debug_info</name>
         <load_address>0xb3fd</load_address>
         <run_address>0xb3fd</run_address>
         <size>0x27d</size>
         <input_file_ref idref="fl-d1"/>
      </object_component>
      <object_component id="oc-129">
         <name>.debug_info</name>
         <load_address>0xb67a</load_address>
         <run_address>0xb67a</run_address>
         <size>0x2db</size>
         <input_file_ref idref="fl-d1"/>
      </object_component>
      <object_component id="oc-141">
         <name>.debug_info</name>
         <load_address>0xb955</load_address>
         <run_address>0xb955</run_address>
         <size>0x2b5</size>
         <input_file_ref idref="fl-d1"/>
      </object_component>
      <object_component id="oc-228">
         <name>.debug_info</name>
         <load_address>0xbc0a</load_address>
         <run_address>0xbc0a</run_address>
         <size>0x5f</size>
         <input_file_ref idref="fl-d1"/>
      </object_component>
      <object_component id="oc-1b6">
         <name>.debug_info</name>
         <load_address>0xbc69</load_address>
         <run_address>0xbc69</run_address>
         <size>0x227</size>
         <input_file_ref idref="fl-d2"/>
      </object_component>
      <object_component id="oc-d9">
         <name>.debug_info</name>
         <load_address>0xbe90</load_address>
         <run_address>0xbe90</run_address>
         <size>0x247</size>
         <input_file_ref idref="fl-d2"/>
      </object_component>
      <object_component id="oc-1b0">
         <name>.debug_info</name>
         <load_address>0xc0d7</load_address>
         <run_address>0xc0d7</run_address>
         <size>0x249</size>
         <input_file_ref idref="fl-d2"/>
      </object_component>
      <object_component id="oc-d3">
         <name>.debug_info</name>
         <load_address>0xc320</load_address>
         <run_address>0xc320</run_address>
         <size>0x326</size>
         <input_file_ref idref="fl-d2"/>
      </object_component>
      <object_component id="oc-11c">
         <name>.debug_info</name>
         <load_address>0xc646</load_address>
         <run_address>0xc646</run_address>
         <size>0x291</size>
         <input_file_ref idref="fl-d2"/>
      </object_component>
      <object_component id="oc-df">
         <name>.debug_info</name>
         <load_address>0xc8d7</load_address>
         <run_address>0xc8d7</run_address>
         <size>0x273</size>
         <input_file_ref idref="fl-d2"/>
      </object_component>
      <object_component id="oc-e5">
         <name>.debug_info</name>
         <load_address>0xcb4a</load_address>
         <run_address>0xcb4a</run_address>
         <size>0x24d</size>
         <input_file_ref idref="fl-d2"/>
      </object_component>
      <object_component id="oc-2cd">
         <name>.debug_info</name>
         <load_address>0xcd97</load_address>
         <run_address>0xcd97</run_address>
         <size>0x98</size>
      </object_component>
      <object_component id="oc-1a6">
         <name>.debug_line</name>
         <load_address>0x0</load_address>
         <run_address>0x0</run_address>
         <size>0x140</size>
         <input_file_ref idref="fl-2"/>
      </object_component>
      <object_component id="oc-1bd">
         <name>.debug_line</name>
         <load_address>0x140</load_address>
         <run_address>0x140</run_address>
         <size>0x57</size>
         <input_file_ref idref="fl-2"/>
      </object_component>
      <object_component id="oc-1ce">
         <name>.debug_line</name>
         <load_address>0x197</load_address>
         <run_address>0x197</run_address>
         <size>0x57</size>
         <input_file_ref idref="fl-2"/>
      </object_component>
      <object_component id="oc-1bf">
         <name>.debug_line</name>
         <load_address>0x1ee</load_address>
         <run_address>0x1ee</run_address>
         <size>0x57</size>
         <input_file_ref idref="fl-2"/>
      </object_component>
      <object_component id="oc-1bb">
         <name>.debug_line</name>
         <load_address>0x245</load_address>
         <run_address>0x245</run_address>
         <size>0x57</size>
         <input_file_ref idref="fl-2"/>
      </object_component>
      <object_component id="oc-203">
         <name>.debug_line</name>
         <load_address>0x29c</load_address>
         <run_address>0x29c</run_address>
         <size>0x59</size>
         <input_file_ref idref="fl-2"/>
      </object_component>
      <object_component id="oc-205">
         <name>.debug_line</name>
         <load_address>0x2f5</load_address>
         <run_address>0x2f5</run_address>
         <size>0x59</size>
         <input_file_ref idref="fl-2"/>
      </object_component>
      <object_component id="oc-106">
         <name>.debug_line</name>
         <load_address>0x34e</load_address>
         <run_address>0x34e</run_address>
         <size>0x72</size>
         <input_file_ref idref="fl-2"/>
      </object_component>
      <object_component id="oc-fc">
         <name>.debug_line</name>
         <load_address>0x3c0</load_address>
         <run_address>0x3c0</run_address>
         <size>0x72</size>
         <input_file_ref idref="fl-2"/>
      </object_component>
      <object_component id="oc-9d">
         <name>.debug_line</name>
         <load_address>0x432</load_address>
         <run_address>0x432</run_address>
         <size>0x66b</size>
         <input_file_ref idref="fl-2"/>
      </object_component>
      <object_component id="oc-156">
         <name>.debug_line</name>
         <load_address>0xa9d</load_address>
         <run_address>0xa9d</run_address>
         <size>0x5a</size>
         <input_file_ref idref="fl-2"/>
      </object_component>
      <object_component id="oc-15b">
         <name>.debug_line</name>
         <load_address>0xaf7</load_address>
         <run_address>0xaf7</run_address>
         <size>0x59</size>
         <input_file_ref idref="fl-2"/>
      </object_component>
      <object_component id="oc-70">
         <name>.debug_line</name>
         <load_address>0xb50</load_address>
         <run_address>0xb50</run_address>
         <size>0x6f</size>
         <input_file_ref idref="fl-2"/>
      </object_component>
      <object_component id="oc-b2">
         <name>.debug_line</name>
         <load_address>0xbbf</load_address>
         <run_address>0xbbf</run_address>
         <size>0x20</size>
         <input_file_ref idref="fl-2"/>
      </object_component>
      <object_component id="oc-ad">
         <name>.debug_line</name>
         <load_address>0xbdf</load_address>
         <run_address>0xbdf</run_address>
         <size>0x73</size>
         <input_file_ref idref="fl-2"/>
      </object_component>
      <object_component id="oc-160">
         <name>.debug_line</name>
         <load_address>0xc52</load_address>
         <run_address>0xc52</run_address>
         <size>0x6f</size>
         <input_file_ref idref="fl-2"/>
      </object_component>
      <object_component id="oc-75">
         <name>.debug_line</name>
         <load_address>0xcc1</load_address>
         <run_address>0xcc1</run_address>
         <size>0x70</size>
         <input_file_ref idref="fl-2"/>
      </object_component>
      <object_component id="oc-165">
         <name>.debug_line</name>
         <load_address>0xd31</load_address>
         <run_address>0xd31</run_address>
         <size>0x6b</size>
         <input_file_ref idref="fl-2"/>
      </object_component>
      <object_component id="oc-6c">
         <name>.debug_line</name>
         <load_address>0xd9c</load_address>
         <run_address>0xd9c</run_address>
         <size>0x41</size>
         <input_file_ref idref="fl-3"/>
      </object_component>
      <object_component id="oc-2b">
         <name>.debug_line</name>
         <load_address>0xddd</load_address>
         <run_address>0xddd</run_address>
         <size>0x41</size>
         <input_file_ref idref="fl-3"/>
      </object_component>
      <object_component id="oc-28">
         <name>.debug_line</name>
         <load_address>0xe1e</load_address>
         <run_address>0xe1e</run_address>
         <size>0xa1</size>
         <input_file_ref idref="fl-3"/>
      </object_component>
      <object_component id="oc-36">
         <name>.debug_line</name>
         <load_address>0xebf</load_address>
         <run_address>0xebf</run_address>
         <size>0x20</size>
         <input_file_ref idref="fl-3"/>
      </object_component>
      <object_component id="oc-f7">
         <name>.debug_line</name>
         <load_address>0xedf</load_address>
         <run_address>0xedf</run_address>
         <size>0x5b</size>
         <input_file_ref idref="fl-bf"/>
      </object_component>
      <object_component id="oc-c3">
         <name>.debug_line</name>
         <load_address>0xf3a</load_address>
         <run_address>0xf3a</run_address>
         <size>0x92</size>
         <input_file_ref idref="fl-c0"/>
      </object_component>
      <object_component id="oc-45">
         <name>.debug_line</name>
         <load_address>0xfcc</load_address>
         <run_address>0xfcc</run_address>
         <size>0x56</size>
         <input_file_ref idref="fl-c0"/>
      </object_component>
      <object_component id="oc-89">
         <name>.debug_line</name>
         <load_address>0x1022</load_address>
         <run_address>0x1022</run_address>
         <size>0x34</size>
         <input_file_ref idref="fl-c0"/>
      </object_component>
      <object_component id="oc-c0">
         <name>.debug_line</name>
         <load_address>0x1056</load_address>
         <run_address>0x1056</run_address>
         <size>0x92</size>
         <input_file_ref idref="fl-c0"/>
      </object_component>
      <object_component id="oc-84">
         <name>.debug_line</name>
         <load_address>0x10e8</load_address>
         <run_address>0x10e8</run_address>
         <size>0x20</size>
         <input_file_ref idref="fl-c1"/>
      </object_component>
      <object_component id="oc-19">
         <name>.debug_line</name>
         <load_address>0x1108</load_address>
         <run_address>0x1108</run_address>
         <size>0x55</size>
         <input_file_ref idref="fl-c1"/>
      </object_component>
      <object_component id="oc-41">
         <name>.debug_line</name>
         <load_address>0x115d</load_address>
         <run_address>0x115d</run_address>
         <size>0x3a</size>
         <input_file_ref idref="fl-c1"/>
      </object_component>
      <object_component id="oc-81">
         <name>.debug_line</name>
         <load_address>0x1197</load_address>
         <run_address>0x1197</run_address>
         <size>0x92</size>
         <input_file_ref idref="fl-c1"/>
      </object_component>
      <object_component id="oc-bc">
         <name>.debug_line</name>
         <load_address>0x1229</load_address>
         <run_address>0x1229</run_address>
         <size>0x20</size>
         <input_file_ref idref="fl-c2"/>
      </object_component>
      <object_component id="oc-15">
         <name>.debug_line</name>
         <load_address>0x1249</load_address>
         <run_address>0x1249</run_address>
         <size>0xa9</size>
         <input_file_ref idref="fl-c2"/>
      </object_component>
      <object_component id="oc-31">
         <name>.debug_line</name>
         <load_address>0x12f2</load_address>
         <run_address>0x12f2</run_address>
         <size>0x3a</size>
         <input_file_ref idref="fl-c2"/>
      </object_component>
      <object_component id="oc-b9">
         <name>.debug_line</name>
         <load_address>0x132c</load_address>
         <run_address>0x132c</run_address>
         <size>0x9a</size>
         <input_file_ref idref="fl-c2"/>
      </object_component>
      <object_component id="oc-7a">
         <name>.debug_line</name>
         <load_address>0x13c6</load_address>
         <run_address>0x13c6</run_address>
         <size>0x96</size>
         <input_file_ref idref="fl-c2"/>
      </object_component>
      <object_component id="oc-69">
         <name>.debug_line</name>
         <load_address>0x145c</load_address>
         <run_address>0x145c</run_address>
         <size>0x33</size>
         <input_file_ref idref="fl-c3"/>
      </object_component>
      <object_component id="oc-57">
         <name>.debug_line</name>
         <load_address>0x148f</load_address>
         <run_address>0x148f</run_address>
         <size>0x45</size>
         <input_file_ref idref="fl-c3"/>
      </object_component>
      <object_component id="oc-1c4">
         <name>.debug_line</name>
         <load_address>0x14d4</load_address>
         <run_address>0x14d4</run_address>
         <size>0x37</size>
         <input_file_ref idref="fl-c4"/>
      </object_component>
      <object_component id="oc-3a">
         <name>.debug_line</name>
         <load_address>0x150b</load_address>
         <run_address>0x150b</run_address>
         <size>0x88</size>
         <input_file_ref idref="fl-c6"/>
      </object_component>
      <object_component id="oc-273">
         <name>.debug_line</name>
         <load_address>0x1593</load_address>
         <run_address>0x1593</run_address>
         <size>0xbf</size>
         <input_file_ref idref="fl-c7"/>
      </object_component>
      <object_component id="oc-176">
         <name>.debug_line</name>
         <load_address>0x1652</load_address>
         <run_address>0x1652</run_address>
         <size>0x6f</size>
         <input_file_ref idref="fl-c7"/>
      </object_component>
      <object_component id="oc-277">
         <name>.debug_line</name>
         <load_address>0x16c1</load_address>
         <run_address>0x16c1</run_address>
         <size>0x2e</size>
         <input_file_ref idref="fl-c7"/>
      </object_component>
      <object_component id="oc-294">
         <name>.debug_line</name>
         <load_address>0x16ef</load_address>
         <run_address>0x16ef</run_address>
         <size>0x9a</size>
         <input_file_ref idref="fl-c7"/>
      </object_component>
      <object_component id="oc-27c">
         <name>.debug_line</name>
         <load_address>0x1789</load_address>
         <run_address>0x1789</run_address>
         <size>0x97</size>
         <input_file_ref idref="fl-c7"/>
      </object_component>
      <object_component id="oc-281">
         <name>.debug_line</name>
         <load_address>0x1820</load_address>
         <run_address>0x1820</run_address>
         <size>0x93</size>
         <input_file_ref idref="fl-c7"/>
      </object_component>
      <object_component id="oc-97">
         <name>.debug_line</name>
         <load_address>0x18b3</load_address>
         <run_address>0x18b3</run_address>
         <size>0x40</size>
         <input_file_ref idref="fl-c8"/>
      </object_component>
      <object_component id="oc-169">
         <name>.debug_line</name>
         <load_address>0x18f3</load_address>
         <run_address>0x18f3</run_address>
         <size>0x3c</size>
         <input_file_ref idref="fl-ca"/>
      </object_component>
      <object_component id="oc-252">
         <name>.debug_line</name>
         <load_address>0x192f</load_address>
         <run_address>0x192f</run_address>
         <size>0xde</size>
         <input_file_ref idref="fl-cd"/>
      </object_component>
      <object_component id="oc-1c8">
         <name>.debug_line</name>
         <load_address>0x1a0d</load_address>
         <run_address>0x1a0d</run_address>
         <size>0xdb</size>
         <input_file_ref idref="fl-cd"/>
      </object_component>
      <object_component id="oc-24d">
         <name>.debug_line</name>
         <load_address>0x1ae8</load_address>
         <run_address>0x1ae8</run_address>
         <size>0x9f</size>
         <input_file_ref idref="fl-cd"/>
      </object_component>
      <object_component id="oc-1d9">
         <name>.debug_line</name>
         <load_address>0x1b87</load_address>
         <run_address>0x1b87</run_address>
         <size>0x124</size>
         <input_file_ref idref="fl-cd"/>
      </object_component>
      <object_component id="oc-1d1">
         <name>.debug_line</name>
         <load_address>0x1cab</load_address>
         <run_address>0x1cab</run_address>
         <size>0xb4</size>
         <input_file_ref idref="fl-cd"/>
      </object_component>
      <object_component id="oc-10c">
         <name>.debug_line</name>
         <load_address>0x1d5f</load_address>
         <run_address>0x1d5f</run_address>
         <size>0xb0</size>
         <input_file_ref idref="fl-cd"/>
      </object_component>
      <object_component id="oc-112">
         <name>.debug_line</name>
         <load_address>0x1e0f</load_address>
         <run_address>0x1e0f</run_address>
         <size>0x13f</size>
         <input_file_ref idref="fl-cd"/>
      </object_component>
      <object_component id="oc-256">
         <name>.debug_line</name>
         <load_address>0x1f4e</load_address>
         <run_address>0x1f4e</run_address>
         <size>0x81</size>
         <input_file_ref idref="fl-cd"/>
      </object_component>
      <object_component id="oc-1ab">
         <name>.debug_line</name>
         <load_address>0x1fcf</load_address>
         <run_address>0x1fcf</run_address>
         <size>0x69</size>
         <input_file_ref idref="fl-cd"/>
      </object_component>
      <object_component id="oc-25c">
         <name>.debug_line</name>
         <load_address>0x2038</load_address>
         <run_address>0x2038</run_address>
         <size>0x82</size>
         <input_file_ref idref="fl-ce"/>
      </object_component>
      <object_component id="oc-25a">
         <name>.debug_line</name>
         <load_address>0x20ba</load_address>
         <run_address>0x20ba</run_address>
         <size>0x7d</size>
         <input_file_ref idref="fl-ce"/>
      </object_component>
      <object_component id="oc-1e8">
         <name>.debug_line</name>
         <load_address>0x2137</load_address>
         <run_address>0x2137</run_address>
         <size>0x95</size>
         <input_file_ref idref="fl-ce"/>
      </object_component>
      <object_component id="oc-1ee">
         <name>.debug_line</name>
         <load_address>0x21cc</load_address>
         <run_address>0x21cc</run_address>
         <size>0xd1</size>
         <input_file_ref idref="fl-ce"/>
      </object_component>
      <object_component id="oc-125">
         <name>.debug_line</name>
         <load_address>0x229d</load_address>
         <run_address>0x229d</run_address>
         <size>0x93</size>
         <input_file_ref idref="fl-ce"/>
      </object_component>
      <object_component id="oc-131">
         <name>.debug_line</name>
         <load_address>0x2330</load_address>
         <run_address>0x2330</run_address>
         <size>0x93</size>
         <input_file_ref idref="fl-ce"/>
      </object_component>
      <object_component id="oc-137">
         <name>.debug_line</name>
         <load_address>0x23c3</load_address>
         <run_address>0x23c3</run_address>
         <size>0x93</size>
         <input_file_ref idref="fl-ce"/>
      </object_component>
      <object_component id="oc-119">
         <name>.debug_line</name>
         <load_address>0x2456</load_address>
         <run_address>0x2456</run_address>
         <size>0xa7</size>
         <input_file_ref idref="fl-ce"/>
      </object_component>
      <object_component id="oc-260">
         <name>.debug_line</name>
         <load_address>0x24fd</load_address>
         <run_address>0x24fd</run_address>
         <size>0x82</size>
         <input_file_ref idref="fl-cf"/>
      </object_component>
      <object_component id="oc-1fc">
         <name>.debug_line</name>
         <load_address>0x257f</load_address>
         <run_address>0x257f</run_address>
         <size>0x91</size>
         <input_file_ref idref="fl-cf"/>
      </object_component>
      <object_component id="oc-146">
         <name>.debug_line</name>
         <load_address>0x2610</load_address>
         <run_address>0x2610</run_address>
         <size>0xa5</size>
         <input_file_ref idref="fl-cf"/>
      </object_component>
      <object_component id="oc-13a">
         <name>.debug_line</name>
         <load_address>0x26b5</load_address>
         <run_address>0x26b5</run_address>
         <size>0x91</size>
         <input_file_ref idref="fl-cf"/>
      </object_component>
      <object_component id="oc-2a0">
         <name>.debug_line</name>
         <load_address>0x2746</load_address>
         <run_address>0x2746</run_address>
         <size>0x7c</size>
         <input_file_ref idref="fl-d0"/>
      </object_component>
      <object_component id="oc-29e">
         <name>.debug_line</name>
         <load_address>0x27c2</load_address>
         <run_address>0x27c2</run_address>
         <size>0x82</size>
         <input_file_ref idref="fl-d0"/>
      </object_component>
      <object_component id="oc-241">
         <name>.debug_line</name>
         <load_address>0x2844</load_address>
         <run_address>0x2844</run_address>
         <size>0x97</size>
         <input_file_ref idref="fl-d0"/>
      </object_component>
      <object_component id="oc-236">
         <name>.debug_line</name>
         <load_address>0x28db</load_address>
         <run_address>0x28db</run_address>
         <size>0xb8</size>
         <input_file_ref idref="fl-d0"/>
      </object_component>
      <object_component id="oc-247">
         <name>.debug_line</name>
         <load_address>0x2993</load_address>
         <run_address>0x2993</run_address>
         <size>0xc2</size>
         <input_file_ref idref="fl-d0"/>
      </object_component>
      <object_component id="oc-23c">
         <name>.debug_line</name>
         <load_address>0x2a55</load_address>
         <run_address>0x2a55</run_address>
         <size>0xc2</size>
         <input_file_ref idref="fl-d0"/>
      </object_component>
      <object_component id="oc-227">
         <name>.debug_line</name>
         <load_address>0x2b17</load_address>
         <run_address>0x2b17</run_address>
         <size>0x13d</size>
         <input_file_ref idref="fl-d1"/>
      </object_component>
      <object_component id="oc-262">
         <name>.debug_line</name>
         <load_address>0x2c54</load_address>
         <run_address>0x2c54</run_address>
         <size>0x7f</size>
         <input_file_ref idref="fl-d1"/>
      </object_component>
      <object_component id="oc-ca">
         <name>.debug_line</name>
         <load_address>0x2cd3</load_address>
         <run_address>0x2cd3</run_address>
         <size>0x94</size>
         <input_file_ref idref="fl-d1"/>
      </object_component>
      <object_component id="oc-d0">
         <name>.debug_line</name>
         <load_address>0x2d67</load_address>
         <run_address>0x2d67</run_address>
         <size>0x94</size>
         <input_file_ref idref="fl-d1"/>
      </object_component>
      <object_component id="oc-12c">
         <name>.debug_line</name>
         <load_address>0x2dfb</load_address>
         <run_address>0x2dfb</run_address>
         <size>0xee</size>
         <input_file_ref idref="fl-d1"/>
      </object_component>
      <object_component id="oc-144">
         <name>.debug_line</name>
         <load_address>0x2ee9</load_address>
         <run_address>0x2ee9</run_address>
         <size>0x11a</size>
         <input_file_ref idref="fl-d1"/>
      </object_component>
      <object_component id="oc-22b">
         <name>.debug_line</name>
         <load_address>0x3003</load_address>
         <run_address>0x3003</run_address>
         <size>0x7f</size>
         <input_file_ref idref="fl-d1"/>
      </object_component>
      <object_component id="oc-22f">
         <name>.debug_line</name>
         <load_address>0x3082</load_address>
         <run_address>0x3082</run_address>
         <size>0x82</size>
         <input_file_ref idref="fl-d2"/>
      </object_component>
      <object_component id="oc-dc">
         <name>.debug_line</name>
         <load_address>0x3104</load_address>
         <run_address>0x3104</run_address>
         <size>0x93</size>
         <input_file_ref idref="fl-d2"/>
      </object_component>
      <object_component id="oc-1b3">
         <name>.debug_line</name>
         <load_address>0x3197</load_address>
         <run_address>0x3197</run_address>
         <size>0x96</size>
         <input_file_ref idref="fl-d2"/>
      </object_component>
      <object_component id="oc-d6">
         <name>.debug_line</name>
         <load_address>0x322d</load_address>
         <run_address>0x322d</run_address>
         <size>0xb3</size>
         <input_file_ref idref="fl-d2"/>
      </object_component>
      <object_component id="oc-11f">
         <name>.debug_line</name>
         <load_address>0x32e0</load_address>
         <run_address>0x32e0</run_address>
         <size>0x92</size>
         <input_file_ref idref="fl-d2"/>
      </object_component>
      <object_component id="oc-e2">
         <name>.debug_line</name>
         <load_address>0x3372</load_address>
         <run_address>0x3372</run_address>
         <size>0x93</size>
         <input_file_ref idref="fl-d2"/>
      </object_component>
      <object_component id="oc-e8">
         <name>.debug_line</name>
         <load_address>0x3405</load_address>
         <run_address>0x3405</run_address>
         <size>0x93</size>
         <input_file_ref idref="fl-d2"/>
      </object_component>
      <object_component id="oc-107">
         <name>.debug_frame</name>
         <load_address>0x0</load_address>
         <run_address>0x0</run_address>
         <size>0x5c</size>
         <input_file_ref idref="fl-2"/>
      </object_component>
      <object_component id="oc-fd">
         <name>.debug_frame</name>
         <load_address>0x5c</load_address>
         <run_address>0x5c</run_address>
         <size>0x5c</size>
         <input_file_ref idref="fl-2"/>
      </object_component>
      <object_component id="oc-9c">
         <name>.debug_frame</name>
         <load_address>0xb8</load_address>
         <run_address>0xb8</run_address>
         <size>0x244</size>
         <input_file_ref idref="fl-2"/>
      </object_component>
      <object_component id="oc-29">
         <name>.debug_frame</name>
         <load_address>0x2fc</load_address>
         <run_address>0x2fc</run_address>
         <size>0x90</size>
         <input_file_ref idref="fl-3"/>
      </object_component>
      <object_component id="oc-46">
         <name>.debug_frame</name>
         <load_address>0x38c</load_address>
         <run_address>0x38c</run_address>
         <size>0x54</size>
         <input_file_ref idref="fl-c0"/>
      </object_component>
      <object_component id="oc-1d">
         <name>.debug_frame</name>
         <load_address>0x3e0</load_address>
         <run_address>0x3e0</run_address>
         <size>0x54</size>
         <input_file_ref idref="fl-c1"/>
      </object_component>
      <object_component id="oc-14">
         <name>.debug_frame</name>
         <load_address>0x434</load_address>
         <run_address>0x434</run_address>
         <size>0x60</size>
         <input_file_ref idref="fl-c2"/>
      </object_component>
      <object_component id="oc-58">
         <name>.debug_frame</name>
         <load_address>0x494</load_address>
         <run_address>0x494</run_address>
         <size>0x50</size>
         <input_file_ref idref="fl-c3"/>
      </object_component>
      <object_component id="oc-174">
         <name>.debug_frame</name>
         <load_address>0x4e4</load_address>
         <run_address>0x4e4</run_address>
         <size>0x5c</size>
         <input_file_ref idref="fl-c7"/>
      </object_component>
      <object_component id="oc-96">
         <name>.debug_frame</name>
         <load_address>0x540</load_address>
         <run_address>0x540</run_address>
         <size>0x54</size>
         <input_file_ref idref="fl-c8"/>
      </object_component>
      <object_component id="oc-16c">
         <name>.debug_frame</name>
         <load_address>0x594</load_address>
         <run_address>0x594</run_address>
         <size>0x54</size>
         <input_file_ref idref="fl-ca"/>
      </object_component>
      <object_component id="oc-1c9">
         <name>.debug_frame</name>
         <load_address>0x5e8</load_address>
         <run_address>0x5e8</run_address>
         <size>0x96</size>
         <input_file_ref idref="fl-cd"/>
      </object_component>
      <object_component id="oc-24c">
         <name>.debug_frame</name>
         <load_address>0x67e</load_address>
         <run_address>0x67e</run_address>
         <size>0x86</size>
         <input_file_ref idref="fl-cd"/>
      </object_component>
      <object_component id="oc-1da">
         <name>.debug_frame</name>
         <load_address>0x704</load_address>
         <run_address>0x704</run_address>
         <size>0x8e</size>
         <input_file_ref idref="fl-cd"/>
      </object_component>
      <object_component id="oc-1d2">
         <name>.debug_frame</name>
         <load_address>0x792</load_address>
         <run_address>0x792</run_address>
         <size>0x8a</size>
         <input_file_ref idref="fl-cd"/>
      </object_component>
      <object_component id="oc-10b">
         <name>.debug_frame</name>
         <load_address>0x81c</load_address>
         <run_address>0x81c</run_address>
         <size>0x90</size>
         <input_file_ref idref="fl-cd"/>
      </object_component>
      <object_component id="oc-111">
         <name>.debug_frame</name>
         <load_address>0x8ac</load_address>
         <run_address>0x8ac</run_address>
         <size>0x92</size>
         <input_file_ref idref="fl-cd"/>
      </object_component>
      <object_component id="oc-1e9">
         <name>.debug_frame</name>
         <load_address>0x93e</load_address>
         <run_address>0x93e</run_address>
         <size>0x7f</size>
         <input_file_ref idref="fl-ce"/>
      </object_component>
      <object_component id="oc-1ef">
         <name>.debug_frame</name>
         <load_address>0x9bd</load_address>
         <run_address>0x9bd</run_address>
         <size>0x8f</size>
         <input_file_ref idref="fl-ce"/>
      </object_component>
      <object_component id="oc-126">
         <name>.debug_frame</name>
         <load_address>0xa4c</load_address>
         <run_address>0xa4c</run_address>
         <size>0x86</size>
         <input_file_ref idref="fl-ce"/>
      </object_component>
      <object_component id="oc-132">
         <name>.debug_frame</name>
         <load_address>0xad2</load_address>
         <run_address>0xad2</run_address>
         <size>0x86</size>
         <input_file_ref idref="fl-ce"/>
      </object_component>
      <object_component id="oc-138">
         <name>.debug_frame</name>
         <load_address>0xb58</load_address>
         <run_address>0xb58</run_address>
         <size>0x86</size>
         <input_file_ref idref="fl-ce"/>
      </object_component>
      <object_component id="oc-11a">
         <name>.debug_frame</name>
         <load_address>0xbde</load_address>
         <run_address>0xbde</run_address>
         <size>0x86</size>
         <input_file_ref idref="fl-ce"/>
      </object_component>
      <object_component id="oc-200">
         <name>.debug_frame</name>
         <load_address>0xc64</load_address>
         <run_address>0xc64</run_address>
         <size>0x7f</size>
         <input_file_ref idref="fl-cf"/>
      </object_component>
      <object_component id="oc-14a">
         <name>.debug_frame</name>
         <load_address>0xce3</load_address>
         <run_address>0xce3</run_address>
         <size>0x8a</size>
         <input_file_ref idref="fl-cf"/>
      </object_component>
      <object_component id="oc-13e">
         <name>.debug_frame</name>
         <load_address>0xd6d</load_address>
         <run_address>0xd6d</run_address>
         <size>0x7f</size>
         <input_file_ref idref="fl-cf"/>
      </object_component>
      <object_component id="oc-242">
         <name>.debug_frame</name>
         <load_address>0xdec</load_address>
         <run_address>0xdec</run_address>
         <size>0x7f</size>
         <input_file_ref idref="fl-d0"/>
      </object_component>
      <object_component id="oc-235">
         <name>.debug_frame</name>
         <load_address>0xe6b</load_address>
         <run_address>0xe6b</run_address>
         <size>0x89</size>
         <input_file_ref idref="fl-d0"/>
      </object_component>
      <object_component id="oc-248">
         <name>.debug_frame</name>
         <load_address>0xef4</load_address>
         <run_address>0xef4</run_address>
         <size>0x7f</size>
         <input_file_ref idref="fl-d0"/>
      </object_component>
      <object_component id="oc-23b">
         <name>.debug_frame</name>
         <load_address>0xf73</load_address>
         <run_address>0xf73</run_address>
         <size>0x7f</size>
         <input_file_ref idref="fl-d0"/>
      </object_component>
      <object_component id="oc-cb">
         <name>.debug_frame</name>
         <load_address>0xff2</load_address>
         <run_address>0xff2</run_address>
         <size>0x7f</size>
         <input_file_ref idref="fl-d1"/>
      </object_component>
      <object_component id="oc-d1">
         <name>.debug_frame</name>
         <load_address>0x1071</load_address>
         <run_address>0x1071</run_address>
         <size>0x7f</size>
         <input_file_ref idref="fl-d1"/>
      </object_component>
      <object_component id="oc-128">
         <name>.debug_frame</name>
         <load_address>0x10f0</load_address>
         <run_address>0x10f0</run_address>
         <size>0x93</size>
         <input_file_ref idref="fl-d1"/>
      </object_component>
      <object_component id="oc-140">
         <name>.debug_frame</name>
         <load_address>0x1183</load_address>
         <run_address>0x1183</run_address>
         <size>0x8e</size>
         <input_file_ref idref="fl-d1"/>
      </object_component>
      <object_component id="oc-dd">
         <name>.debug_frame</name>
         <load_address>0x1211</load_address>
         <run_address>0x1211</run_address>
         <size>0x7f</size>
         <input_file_ref idref="fl-d2"/>
      </object_component>
      <object_component id="oc-1b4">
         <name>.debug_frame</name>
         <load_address>0x1290</load_address>
         <run_address>0x1290</run_address>
         <size>0x7f</size>
         <input_file_ref idref="fl-d2"/>
      </object_component>
      <object_component id="oc-d7">
         <name>.debug_frame</name>
         <load_address>0x130f</load_address>
         <run_address>0x130f</run_address>
         <size>0x8a</size>
         <input_file_ref idref="fl-d2"/>
      </object_component>
      <object_component id="oc-120">
         <name>.debug_frame</name>
         <load_address>0x1399</load_address>
         <run_address>0x1399</run_address>
         <size>0x7f</size>
         <input_file_ref idref="fl-d2"/>
      </object_component>
      <object_component id="oc-e3">
         <name>.debug_frame</name>
         <load_address>0x1418</load_address>
         <run_address>0x1418</run_address>
         <size>0x7f</size>
         <input_file_ref idref="fl-d2"/>
      </object_component>
      <object_component id="oc-e9">
         <name>.debug_frame</name>
         <load_address>0x1497</load_address>
         <run_address>0x1497</run_address>
         <size>0x7f</size>
         <input_file_ref idref="fl-d2"/>
      </object_component>
      <object_component id="oc-1a5">
         <name>.debug_abbrev</name>
         <load_address>0x0</load_address>
         <run_address>0x0</run_address>
         <size>0x112</size>
         <input_file_ref idref="fl-2"/>
      </object_component>
      <object_component id="oc-1bc">
         <name>.debug_abbrev</name>
         <load_address>0x112</load_address>
         <run_address>0x112</run_address>
         <size>0x27</size>
         <input_file_ref idref="fl-2"/>
      </object_component>
      <object_component id="oc-1cd">
[...]
            <object_component_ref idref="oc-118"/>
            <object_component_ref idref="oc-1ff"/>
            <object_component_ref idref="oc-148"/>
            <object_component_ref idref="oc-13d"/>
            <object_component_ref idref="oc-287"/>
            <object_component_ref idref="oc-240"/>
            <object_component_ref idref="oc-233"/>
            <object_component_ref idref="oc-245"/>
            <object_component_ref idref="oc-23a"/>
            <object_component_ref idref="oc-1f9"/>
            <object_component_ref idref="oc-c9"/>
            <object_component_ref idref="oc-cf"/>
            <object_component_ref idref="oc-12b"/>
            <object_component_ref idref="oc-143"/>
            <object_component_ref idref="oc-db"/>
            <object_component_ref idref="oc-1b2"/>
            <object_component_ref idref="oc-d5"/>
            <object_component_ref idref="oc-11e"/>
            <object_component_ref idref="oc-e1"/>
            <object_component_ref idref="oc-e7"/>
         </contents>
      </logical_group>
      <logical_group id="lg-2be" display="never" color="cyan">
         <name>.debug_pubtypes</name>
         <load_address>0x0</load_address>
         <run_address>0x0</run_address>
         <size>0xf58</size>
         <contents>
            <object_component_ref idref="oc-154"/>
            <object_component_ref idref="oc-159"/>
            <object_component_ref idref="oc-6e"/>
            <object_component_ref idref="oc-b0"/>
            <object_component_ref idref="oc-ab"/>
            <object_component_ref idref="oc-15e"/>
            <object_component_ref idref="oc-73"/>
            <object_component_ref idref="oc-163"/>
            <object_component_ref idref="oc-34"/>
            <object_component_ref idref="oc-87"/>
            <object_component_ref idref="oc-be"/>
            <object_component_ref idref="oc-3f"/>
            <object_component_ref idref="oc-7f"/>
            <object_component_ref idref="oc-2f"/>
            <object_component_ref idref="oc-b7"/>
            <object_component_ref idref="oc-78"/>
            <object_component_ref idref="oc-275"/>
            <object_component_ref idref="oc-292"/>
            <object_component_ref idref="oc-27a"/>
            <object_component_ref idref="oc-27f"/>
            <object_component_ref idref="oc-254"/>
            <object_component_ref idref="oc-1a9"/>
            <object_component_ref idref="oc-229"/>
         </contents>
      </logical_group>
      <load_segment id="lg-2d4" display="no" color="cyan">
         <name>SEGMENT_0</name>
         <load_address>0x0</load_address>
         <run_address>0x0</run_address>
         <size>0x1b38</size>
         <flags>0x5</flags>
         <contents>
            <logical_group_ref idref="lg-3"/>
            <logical_group_ref idref="lg-4"/>
            <logical_group_ref idref="lg-5"/>
            <logical_group_ref idref="lg-6"/>
         </contents>
      </load_segment>
      <load_segment id="lg-2d5" display="no" color="cyan">
         <name>SEGMENT_1</name>
         <run_address>0x20000000</run_address>
         <size>0x206</size>
         <flags>0x6</flags>
         <contents>
            <logical_group_ref idref="lg-d"/>
            <logical_group_ref idref="lg-a"/>
            <logical_group_ref idref="lg-b"/>
         </contents>
      </load_segment>
   </logical_group_list>
   <placement_map>
      <memory_area display="yes" color="green">
         <name>FLASH</name>
         <page_id>0x0</page_id>
         <origin>0x0</origin>
         <length>0x40000</length>
         <used_space>0x1b38</used_space>
         <unused_space>0x3e4c8</unused_space>
         <attributes>RX</attributes>
         <usage_details>
            <allocated_space>
               <start_address>0x0</start_address>
               <size>0x26c</size>
               <logical_group_ref idref="lg-3"/>
            </allocated_space>
            <allocated_space>
               <start_address>0x26c</start_address>
               <size>0x16e0</size>
               <logical_group_ref idref="lg-4"/>
            </allocated_space>
            <allocated_space>
               <start_address>0x194c</start_address>
               <size>0x1bc</size>
               <logical_group_ref idref="lg-5"/>
            </allocated_space>
            <allocated_space>
               <start_address>0x1b08</start_address>
               <size>0x30</size>
               <logical_group_ref idref="lg-6"/>
            </allocated_space>
            <available_space>
               <start_address>0x1b38</start_address>
               <size>0x3e4c8</size>
            </available_space>
         </usage_details>
      </memory_area>
      <memory_area display="yes" color="green">
         <name>SRAM</name>
         <page_id>0x0</page_id>
         <origin>0x20000000</origin>
         <length>0x8000</length>
         <used_space>0x206</used_space>
         <unused_space>0x7dfa</unused_space>
         <attributes>RWX</attributes>
         <usage_details>
            <allocated_space>
               <start_address>0x20000000</start_address>
               <size>0x200</size>
               <logical_group_ref idref="lg-d"/>
            </allocated_space>
            <allocated_space>
               <start_address>0x20000200</start_address>
               <size>0x5</size>
               <logical_group_ref idref="lg-a"/>
            </allocated_space>
            <allocated_space>
               <start_address>0x20000205</start_address>
               <size>0x1</size>
               <logical_group_ref idref="lg-b"/>
            </allocated_space>
            <available_space>
               <start_address>0x20000206</start_address>
               <size>0x7dfa</size>
            </available_space>
         </usage_details>
      </memory_area>
   </placement_map>
   <cptbl_list>
      <cptbl>
         <name>__TI_cinit_table</name>
         <cprec>
            <name>.bss</name>
            <load_address>0x1b18</load_address>
            <load_size>0x8</load_size>
            <run_address>0x20000205</run_address>
            <run_size>0x1</run_size>
            <compression>zero_init</compression>
         </cprec>
         <cprec>
            <name>.data</name>
            <load_address>0x1b20</load_address>
            <load_size>0x7</load_size>
            <run_address>0x20000200</run_address>
            <run_size>0x5</run_size>
            <compression>lzss</compression>
         </cprec>
      </cptbl>
   </cptbl_list>
   <handler_table>
      <handler_table_name>__TI_handler_table</handler_table_name>
      <handler>
         <index>0x0</index>
         <name>__TI_decompress_lzss</name>
      </handler>
      <handler>
         <index>0x1</index>
         <name>__TI_decompress_none</name>
      </handler>
      <handler>
         <index>0x2</index>
         <name>__TI_zero_init</name>
      </handler>
   </handler_table>
   <symbol_table>
      <symbol id="sm-1">
         <name>__STACK_TOP</name>
         <value>0x20000200</value>
      </symbol>
      <symbol id="sm-2">
         <name>__TI_CINIT_Base</name>
         <value>0x1b28</value>
      </symbol>
      <symbol id="sm-3">
         <name>__TI_CINIT_Limit</name>
         <value>0x1b38</value>
      </symbol>
      <symbol id="sm-4">
         <name>__TI_Handler_Table_Base</name>
         <value>0x1b08</value>
      </symbol>
      <symbol id="sm-5">
         <name>__TI_Handler_Table_Limit</name>
         <value>0x1b14</value>
      </symbol>
      <symbol id="sm-6">
         <name>binit</name>
         <value>0xffffffff</value>
      </symbol>
      <symbol id="sm-7">
         <name>__binit__</name>
         <value>0xffffffff</value>
      </symbol>
      <symbol id="sm-8">
         <name>__STACK_SIZE</name>
         <value>0x200</value>
      </symbol>
      <symbol id="sm-9">
         <name>__STACK_END</name>
         <value>0x20000200</value>
      </symbol>
      <symbol id="sm-a">
         <name>__c_args__</name>
         <value>0xffffffff</value>
      </symbol>
      <symbol id="sm-b">
         <name>__TI_pprof_out_hndl</name>
         <value>0xffffffff</value>
      </symbol>
      <symbol id="sm-c">
         <name>__TI_prof_data_start</name>
         <value>0xffffffff</value>
      </symbol>
      <symbol id="sm-d">
         <name>__TI_prof_data_size</name>
         <value>0xffffffff</value>
      </symbol>
      <symbol id="sm-12e">
         <name>g_bMPU6050Done</name>
         <value>0x20000205</value>
      </symbol>
      <symbol id="sm-12f">
         <name>UARTgetc</name>
         <value>0x3b3</value>
         <object_component_ref idref="oc-98"/>
      </symbol>
      <symbol id="sm-130">
         <name>UARTgets</name>
         <value>0x2f9</value>
         <object_component_ref idref="oc-98"/>
      </symbol>
      <symbol id="sm-131">
         <name>MPU6050DataAccelGetRaw</name>
         <value>0xaed</value>
         <object_component_ref idref="oc-98"/>
      </symbol>
      <symbol id="sm-132">
         <name>UARTStdioConfig</name>
         <value>0x26d</value>
         <object_component_ref idref="oc-98"/>
      </symbol>
      <symbol id="sm-133">
         <name>MPU6050DataGyroGetRaw</name>
         <value>0xbcd</value>
         <object_component_ref idref="oc-98"/>
      </symbol>
      <symbol id="sm-134">
         <name>I2CMWrite</name>
         <value>0x176b</value>
         <object_component_ref idref="oc-102"/>
      </symbol>
      <symbol id="sm-135">
         <name>MPU6050DataGyroGetFloat</name>
         <value>0xc1d</value>
         <object_component_ref idref="oc-98"/>
      </symbol>
      <symbol id="sm-136">
         <name>main</name>
         <value>0xced</value>
         <object_component_ref idref="oc-98"/>
      </symbol>
      <symbol id="sm-137">
         <name>InitConsole</name>
         <value>0xcb1</value>
         <object_component_ref idref="oc-98"/>
      </symbol>
      <symbol id="sm-138">
         <name>I2CMRead</name>
         <value>0x1735</value>
         <object_component_ref idref="oc-f8"/>
      </symbol>
      <symbol id="sm-139">
         <name>MPU6050Write</name>
         <value>0x961</value>
         <object_component_ref idref="oc-98"/>
      </symbol>
      <symbol id="sm-13a">
         <name>MPU6050DataAccelGetFloat</name>
         <value>0xb39</value>
         <object_component_ref idref="oc-98"/>
      </symbol>
      <symbol id="sm-13b">
         <name>UARTwrite</name>
         <value>0x2b3</value>
         <object_component_ref idref="oc-98"/>
      </symbol>
      <symbol id="sm-13c">
         <name>MPU6050DataRead</name>
         <value>0xa89</value>
         <object_component_ref idref="oc-98"/>
      </symbol>
      <symbol id="sm-13d">
         <name>MPU6050Init</name>
         <value>0x869</value>
         <object_component_ref idref="oc-98"/>
      </symbol>
      <symbol id="sm-13e">
         <name>MPU6050Read</name>
         <value>0x8f3</value>
         <object_component_ref idref="oc-98"/>
      </symbol>
      <symbol id="sm-13f">
         <name>MPU6050ReadModifyWrite</name>
         <value>0xa2b</value>
         <object_component_ref idref="oc-98"/>
      </symbol>
      <symbol id="sm-140">
         <name>UARTprintf</name>
         <value>0x6d3</value>
         <object_component_ref idref="oc-98"/>
      </symbol>
      <symbol id="sm-141">
         <name>UARTvprintf</name>
         <value>0x3d9</value>
         <object_component_ref idref="oc-98"/>
      </symbol>
      <symbol id="sm-162">
         <name>ResetISR</name>
         <value>0x1905</value>
         <object_component_ref idref="oc-24"/>
      </symbol>
      <symbol id="sm-163">
         <name>g_pfnVectors</name>
         <value>0x0</value>
         <object_component_ref idref="oc-f"/>
      </symbol>
      <symbol id="sm-172">
         <name>__aeabi_uidivmod</name>
         <value>0x16bd</value>
         <object_component_ref idref="oc-f3"/>
      </symbol>
      <symbol id="sm-173">
         <name>__aeabi_uidiv</name>
         <value>0x16bd</value>
         <object_component_ref idref="oc-f3"/>
      </symbol>
      <symbol id="sm-18c">
         <name>__TI_zero_init_nomemset</name>
         <value>0x1885</value>
         <object_component_ref idref="oc-44"/>
      </symbol>
      <symbol id="sm-1a3">
         <name>__TI_decompress_none</name>
         <value>0x18eb</value>
         <object_component_ref idref="oc-18"/>
      </symbol>
      <symbol id="sm-1c6">
         <name>__TI_decompress_lzss</name>
         <value>0x13dd</value>
         <object_component_ref idref="oc-12"/>
      </symbol>
      <symbol id="sm-1d9">
         <name>__stack</name>
         <value>0x20000000</value>
         <object_component_ref idref="oc-21"/>
      </symbol>
      <symbol id="sm-1da">
         <name>_c_int00_noargs</name>
         <value>0x17d5</value>
         <object_component_ref idref="oc-56"/>
      </symbol>
      <symbol id="sm-1e4">
         <name>__aeabi_idiv0</name>
         <value>0xf6b</value>
         <object_component_ref idref="oc-1c0"/>
      </symbol>
      <symbol id="sm-1e5">
         <name>__aeabi_ldiv0</name>
         <value>0xf6b</value>
         <object_component_ref idref="oc-1c0"/>
      </symbol>
      <symbol id="sm-201">
         <name>memcpy</name>
         <value>0x1171</value>
         <object_component_ref idref="oc-38"/>
      </symbol>
      <symbol id="sm-202">
         <name>__aeabi_memcpy</name>
         <value>0x1171</value>
         <object_component_ref idref="oc-38"/>
      </symbol>
      <symbol id="sm-203">
         <name>__aeabi_memcpy8</name>
         <value>0x1171</value>
         <object_component_ref idref="oc-38"/>
      </symbol>
      <symbol id="sm-204">
         <name>__aeabi_memcpy4</name>
         <value>0x1171</value>
         <object_component_ref idref="oc-38"/>
      </symbol>
      <symbol id="sm-22c">
         <name>__TI_auto_init_nobinit_nopinit</name>
         <value>0x1639</value>
         <object_component_ref idref="oc-173"/>
      </symbol>
      <symbol id="sm-236">
         <name>_system_pre_init</name>
         <value>0x1945</value>
         <object_component_ref idref="oc-92"/>
      </symbol>
      <symbol id="sm-242">
         <name>C$$EXIT</name>
         <value>0x1949</value>
         <object_component_ref idref="oc-167"/>
      </symbol>
      <symbol id="sm-243">
         <name>abort</name>
         <value>0x1949</value>
         <object_component_ref idref="oc-167"/>
      </symbol>
      <symbol id="sm-2a1">
         <name>I2CMWrite8</name>
         <value>0x1509</value>
         <object_component_ref idref="oc-109"/>
      </symbol>
      <symbol id="sm-2a2">
         <name>I2CMCommand</name>
         <value>0x120d</value>
         <object_component_ref idref="oc-1c6"/>
      </symbol>
      <symbol id="sm-2a3">
         <name>I2CMReadModifyWrite8</name>
         <value>0x1295</value>
         <object_component_ref idref="oc-10f"/>
      </symbol>
      <symbol id="sm-2a4">
         <name>I2CMTransferResume</name>
         <value>0x1809</value>
         <object_component_ref idref="oc-24a"/>
      </symbol>
      <symbol id="sm-2e6">
         <name>GPIOPinConfigure</name>
         <value>0x15a9</value>
         <object_component_ref idref="oc-115"/>
      </symbol>
      <symbol id="sm-2e7">
         <name>GPIOPinTypeI2CSCL</name>
         <value>0x18c7</value>
         <object_component_ref idref="oc-12d"/>
      </symbol>
      <symbol id="sm-2e8">
         <name>GPIOPinTypeI2C</name>
         <value>0x18b5</value>
         <object_component_ref idref="oc-133"/>
      </symbol>
      <symbol id="sm-2e9">
         <name>GPIOPinTypeUART</name>
         <value>0x18d9</value>
         <object_component_ref idref="oc-121"/>
      </symbol>
      <symbol id="sm-2ea">
         <name>GPIODirModeSet</name>
         <value>0x1839</value>
         <object_component_ref idref="oc-1e4"/>
      </symbol>
      <symbol id="sm-2eb">
         <name>GPIOPadConfigSet</name>
         <value>0xe39</value>
         <object_component_ref idref="oc-1ea"/>
      </symbol>
      <symbol id="sm-30c">
         <name>I2CMasterInitExpClk</name>
         <value>0x155d</value>
         <object_component_ref idref="oc-145"/>
      </symbol>
      <symbol id="sm-30d">
         <name>I2CMasterEnable</name>
         <value>0x191b</value>
         <object_component_ref idref="oc-1fb"/>
      </symbol>
      <symbol id="sm-30e">
         <name>I2CLoopbackEnable</name>
         <value>0x1911</value>
         <object_component_ref idref="oc-139"/>
      </symbol>
      <symbol id="sm-363">
         <name>IntIsEnabled</name>
         <value>0x1445</value>
         <object_component_ref idref="oc-231"/>
      </symbol>
      <symbol id="sm-364">
         <name>IntEnable</name>
         <value>0x1375</value>
         <object_component_ref idref="oc-243"/>
      </symbol>
      <symbol id="sm-365">
         <name>IntTrigger</name>
         <value>0x18f9</value>
         <object_component_ref idref="oc-23d"/>
      </symbol>
      <symbol id="sm-366">
         <name>IntDisable</name>
         <value>0x130d</value>
         <object_component_ref idref="oc-237"/>
      </symbol>
      <symbol id="sm-3c3">
         <name>SysCtlPeripheralPresent</name>
         <value>0x16fd</value>
         <object_component_ref idref="oc-c6"/>
      </symbol>
      <symbol id="sm-3c4">
         <name>SysCtlClockSet</name>
         <value>0x107d</value>
         <object_component_ref idref="oc-127"/>
      </symbol>
      <symbol id="sm-3c5">
         <name>SysCtlDelay</name>
         <value>0x1939</value>
         <object_component_ref idref="oc-1f1"/>
      </symbol>
      <symbol id="sm-3c6">
         <name>SysCtlPeripheralEnable</name>
         <value>0x17a1</value>
         <object_component_ref idref="oc-cc"/>
      </symbol>
      <symbol id="sm-3c7">
         <name>SysCtlClockGet</name>
         <value>0xf6d</value>
         <object_component_ref idref="oc-13f"/>
      </symbol>
      <symbol id="sm-402">
         <name>UARTConfigSetExpClk</name>
         <value>0x15f1</value>
         <object_component_ref idref="oc-d2"/>
      </symbol>
      <symbol id="sm-403">
         <name>UARTDisable</name>
         <value>0x1865</value>
         <object_component_ref idref="oc-1af"/>
      </symbol>
      <symbol id="sm-404">
         <name>UARTClockSourceSet</name>
         <value>0x193f</value>
         <object_component_ref idref="oc-11b"/>
      </symbol>
      <symbol id="sm-405">
         <name>UARTCharPut</name>
         <value>0x192f</value>
         <object_component_ref idref="oc-de"/>
      </symbol>
      <symbol id="sm-406">
         <name>UARTEnable</name>
         <value>0x18a1</value>
         <object_component_ref idref="oc-d8"/>
      </symbol>
      <symbol id="sm-407">
         <name>UARTCharGet</name>
         <value>0x1925</value>
         <object_component_ref idref="oc-e4"/>
      </symbol>
      <symbol id="sm-409">
         <name>__TI_static_base__</name>
         <value>0x0</value>
      </symbol>
      <symbol id="sm-40c">
         <name>__mpu_init</name>
         <value>0x0</value>
      </symbol>
      <symbol id="sm-40d">
         <name>_system_post_cinit</name>
         <value>0x0</value>
      </symbol>
   </symbol_table>
   <title>Link successful</title>
</link_info>
