******************************************************************************
                  TI ARM Linker PC v18.12.3                    
******************************************************************************
>> Linked Thu Nov 28 05:30:48 2019

OUTPUT FILE NAME:   <lmao.out>
ENTRY POINT SYMBOL: "_c_int00_noargs"  address: 000017d5


MEMORY CONFIGURATION

         name            origin    length      used     unused   attr    fill
----------------------  --------  ---------  --------  --------  ----  --------
  FLASH                 00000000   00040000  00001b38  0003e4c8  R  X
  SRAM                  20000000   00008000  00000206  00007dfa  RW X


SEGMENT ALLOCATION MAP

run origin  load origin   length   init length attrs members
----------  ----------- ---------- ----------- ----- -------
00000000    00000000    00001b38   00001b38    r-x
  00000000    00000000    0000026c   0000026c    r-- .intvecs
  0000026c    0000026c    000016e0   000016e0    r-x .text
  0000194c    0000194c    000001bc   000001bc    r-- .const
  00001b08    00001b08    00000030   00000030    r-- .cinit
20000000    20000000    00000206   00000000    rw-
  20000000    20000000    00000200   00000000    rw- .stack
  20000200    20000200    00000005   00000000    rw- .data
  20000205    20000205    00000001   00000000    rw- .bss


SECTION ALLOCATION MAP

 output                                  attributes/
section   page    origin      length       input sections
--------  ----  ----------  ----------   ----------------
.intvecs   0    00000000    0000026c     
                  00000000    0000026c     tm4c123gh6pm_startup_ccs.obj (.intvecs)

.text      0    0000026c    000016e0     
                  0000026c    00000bcc     main.obj (.text)
                  00000e38    00000132     driverlib.lib : gpio.obj (.text:GPIOPadConfigSet)
                  00000f6a    00000002     rtsv7M4_T_le_v4SPD16_eabi.lib : div0.asm.obj (.text)
                  00000f6c    00000110     driverlib.lib : sysctl.obj (.text:SysCtlClockGet)
                  0000107c    000000f4                   : sysctl.obj (.text:SysCtlClockSet)
                  00001170    0000009c     rtsv7M4_T_le_v4SPD16_eabi.lib : memcpy_t2.asm.obj (.text)
                  0000120c    00000088     sensorlib.lib : i2cm_drv.obj (.text:I2CMCommand)
                  00001294    00000078                   : i2cm_drv.obj (.text:I2CMReadModifyWrite8)
                  0000130c    00000068     driverlib.lib : interrupt.obj (.text:IntDisable)
                  00001374    00000068                   : interrupt.obj (.text:IntEnable)
                  000013dc    00000068     rtsv7M4_T_le_v4SPD16_eabi.lib : copy_decompress_lzss.c.obj (.text:decompress:lzss:__TI_decompress_lzss)
                  00001444    00000064     driverlib.lib : interrupt.obj (.text:IntIsEnabled)
                  000014a8    00000060     sensorlib.lib : i2cm_drv.obj (.text:I2CMReadModifyWrite8Callback)
                  00001508    00000054                   : i2cm_drv.obj (.text:I2CMWrite8)
                  0000155c    0000004c     driverlib.lib : i2c.obj (.text:I2CMasterInitExpClk)
                  000015a8    00000048                   : gpio.obj (.text:GPIOPinConfigure)
                  000015f0    00000046                   : uart.obj (.text:UARTConfigSetExpClk)
                  00001636    00000002     --HOLE-- [fill = 0]
                  00001638    00000044     rtsv7M4_T_le_v4SPD16_eabi.lib : autoinit.c.obj (.text:__TI_auto_init_nobinit_nopinit:__TI_auto_init_nobinit_nopinit)
                  0000167c    00000040     sensorlib.lib : i2cm_drv.obj (.text:I2CMWrite8Callback)
                  000016bc    00000040     rtsv7M4_T_le_v4SPD16_eabi.lib : u_divt2.asm.obj (.text)
                  000016fc    00000038     driverlib.lib : sysctl.obj (.text:SysCtlPeripheralPresent)
                  00001734    00000036     main.obj (.text:I2CMRead)
                  0000176a    00000036     main.obj (.text:I2CMWrite)
                  000017a0    00000034     driverlib.lib : sysctl.obj (.text:SysCtlPeripheralEnable)
                  000017d4    00000034     rtsv7M4_T_le_v4SPD16_eabi.lib : boot_cortex_m.c.obj (.text:_c_int00_noargs:_c_int00_noargs)
                  00001808    00000030     sensorlib.lib : i2cm_drv.obj (.text:I2CMTransferResume)
                  00001838    0000002a     driverlib.lib : gpio.obj (.text:GPIODirModeSet)
                  00001862    00000002     --HOLE-- [fill = 0]
                  00001864    00000020                   : uart.obj (.text:UARTDisable)
                  00001884    0000001c     rtsv7M4_T_le_v4SPD16_eabi.lib : copy_zero_init.c.obj (.text:decompress:ZI:__TI_zero_init_nomemset:__TI_zero_init_nomemset)
                  000018a0    00000014     driverlib.lib : uart.obj (.text:UARTEnable)
                  000018b4    00000012                   : gpio.obj (.text:GPIOPinTypeI2C)
                  000018c6    00000012                   : gpio.obj (.text:GPIOPinTypeI2CSCL)
                  000018d8    00000012                   : gpio.obj (.text:GPIOPinTypeUART)
                  000018ea    0000000e     rtsv7M4_T_le_v4SPD16_eabi.lib : copy_decompress_none.c.obj (.text:decompress:none:__TI_decompress_none)
                  000018f8    0000000c     driverlib.lib : interrupt.obj (.text:IntTrigger)
                  00001904    0000000c     tm4c123gh6pm_startup_ccs.obj (.text)
                  00001910    0000000a     driverlib.lib : i2c.obj (.text:I2CLoopbackEnable)
                  0000191a    0000000a                   : i2c.obj (.text:I2CMasterEnable)
                  00001924    0000000a                   : uart.obj (.text:UARTCharGet)
                  0000192e    0000000a                   : uart.obj (.text:UARTCharPut)
                  00001938    00000006                   : sysctl.obj (.text:SysCtlDelay)
                  0000193e    00000006                   : uart.obj (.text:UARTClockSourceSet)
                  00001944    00000004     rtsv7M4_T_le_v4SPD16_eabi.lib : pre_init.c.obj (.text:_system_pre_init)
                  00001948    00000004                                   : exit.c.obj (.text:abort:abort)

.const     0    0000194c    000001bc     
                  0000194c    00000090     driverlib.lib : gpio.obj (.const:g_pui32GPIOBaseAddrs)
                  000019dc    00000070                   : interrupt.obj (.const)
                  00001a4c    0000006c                   : sysctl.obj (.const:g_pui32Xtals)
                  00001ab8    00000012     main.obj (.const:.string)
                  00001aca    00000002     --HOLE-- [fill = 0]
                  00001acc    00000010     main.obj (.const:g_fMPU6050AccelFactors)
                  00001adc    00000010     main.obj (.const:g_fMPU6050GyroFactors)
                  00001aec    0000000c     main.obj (.const:g_ui32UARTBase)
                  00001af8    0000000c     main.obj (.const:g_ui32UARTPeriph)
                  00001b04    00000004     main.obj (.const)

.cinit     0    00001b08    00000030     
                  00001b08    0000000c     (__TI_handler_table)
                  00001b14    00000004     --HOLE-- [fill = 0]
                  00001b18    00000008     (.cinit..bss.load) [load image, compression = zero_init]
                  00001b20    00000007     (.cinit..data.load) [load image, compression = lzss]
                  00001b27    00000001     --HOLE-- [fill = 0]
                  00001b28    00000010     (__TI_cinit_table)

.init_array 
*          0    00000000    00000000     UNINITIALIZED

.data      0    20000200    00000005     UNINITIALIZED
                  20000200    00000005     main.obj (.data)

.bss       0    20000205    00000001     UNINITIALIZED
                  20000205    00000001     (.common:g_bMPU6050Done)

.stack     0    20000000    00000200     UNINITIALIZED
                  20000000    00000004     rtsv7M4_T_le_v4SPD16_eabi.lib : boot_cortex_m.c.obj (.stack)
                  20000004    000001fc     --HOLE--

MODULE SUMMARY

       Module                         code   ro data   rw data
       ------                         ----   -------   -------
    .\
       main.obj                       3128   78        6      
       tm4c123gh6pm_startup_ccs.obj   12     620       0      
    +--+------------------------------+------+---------+---------+
       Total:                         3140   698       6      
                                                              
    C:/ti/TivaWare_C_Series-2.1.4.178/driverlib/ccs/Debug/driverlib.lib
       sysctl.obj                     630    108       0      
       gpio.obj                       474    144       0      
       interrupt.obj                  320    112       0      
       uart.obj                       148    0         0      
       i2c.obj                        96     0         0      
    +--+------------------------------+------+---------+---------+
       Total:                         1668   364       0      
                                                              
    C:/ti/TivaWare_C_Series-2.1.4.178/sensorlib/ccs/Debug/sensorlib.lib
       i2cm_drv.obj                   548    0         0      
    +--+------------------------------+------+---------+---------+
       Total:                         548    0         0      
                                                              
    C:\ti\ccs920\ccs\tools\compiler\ti-cgt-arm_18.12.3.LTS\lib\rtsv7M4_T_le_v4SPD16_eabi.lib
       memcpy_t2.asm.obj              156    0         0      
       copy_decompress_lzss.c.obj     104    0         0      
       autoinit.c.obj                 68     0         0      
       u_divt2.asm.obj                64     0         0      
       boot_cortex_m.c.obj            52     0         0      
       copy_zero_init.c.obj           28     0         0      
       copy_decompress_none.c.obj     14     0         0      
       exit.c.obj                     4      0         0      
       pre_init.c.obj                 4      0         0      
       div0.asm.obj                   2      0         0      
    +--+------------------------------+------+---------+---------+
       Total:                         496    0         0      
                                                              
       Stack:                         0      0         512    
       Linker Generated:              0      43        0      
    +--+------------------------------+------+---------+---------+
       Grand Total:                   5852   1105      518    


LINKER GENERATED COPY TABLES

__TI_cinit_table @ 00001b28 records: 2, size/record: 8, table size: 16
	.bss: load addr=00001b18, load size=00000008 bytes, run addr=20000205, run size=00000001 bytes, compression=zero_init
	.data: load addr=00001b20, load size=00000007 bytes, run addr=20000200, run size=00000005 bytes, compression=lzss


LINKER GENERATED HANDLER TABLE

__TI_handler_table @ 00001b08 records: 3, size/record: 4, table size: 12
	index: 0, handler: __TI_decompress_lzss
	index: 1, handler: __TI_decompress_none
	index: 2, handler: __TI_zero_init


GLOBAL SYMBOLS: SORTED ALPHABETICALLY BY Name 

address   name                          
-------   ----                          
00001949  C$$EXIT                       
00001839  GPIODirModeSet                
00000e39  GPIOPadConfigSet              
000015a9  GPIOPinConfigure              
000018b5  GPIOPinTypeI2C                
000018c7  GPIOPinTypeI2CSCL             
000018d9  GPIOPinTypeUART               
00001911  I2CLoopbackEnable             
0000120d  I2CMCommand                   
00001735  I2CMRead                      
00001295  I2CMReadModifyWrite8          
00001809  I2CMTransferResume            
0000176b  I2CMWrite                     
00001509  I2CMWrite8                    
0000191b  I2CMasterEnable               
0000155d  I2CMasterInitExpClk           
00000cb1  InitConsole                   
0000130d  IntDisable                    
00001375  IntEnable                     
00001445  IntIsEnabled                  
000018f9  IntTrigger                    
00000b39  MPU6050DataAccelGetFloat      
00000aed  MPU6050DataAccelGetRaw        
00000c1d  MPU6050DataGyroGetFloat       
00000bcd  MPU6050DataGyroGetRaw         
00000a89  MPU6050DataRead               
00000869  MPU6050Init                   
000008f3  MPU6050Read                   
00000a2b  MPU6050ReadModifyWrite        
00000961  MPU6050Write                  
00001905  ResetISR                      
00000f6d  SysCtlClockGet                
0000107d  SysCtlClockSet                
00001939  SysCtlDelay                   
000017a1  SysCtlPeripheralEnable        
000016fd  SysCtlPeripheralPresent       
00001925  UARTCharGet                   
0000192f  UARTCharPut                   
0000193f  UARTClockSourceSet            
000015f1  UARTConfigSetExpClk           
00001865  UARTDisable                   
000018a1  UARTEnable                    
0000026d  UARTStdioConfig               
000003b3  UARTgetc                      
000002f9  UARTgets                      
000006d3  UARTprintf                    
000003d9  UARTvprintf                   
000002b3  UARTwrite                     
20000200  __STACK_END                   
00000200  __STACK_SIZE                  
20000200  __STACK_TOP                   
00001b28  __TI_CINIT_Base               
00001b38  __TI_CINIT_Limit              
00001b08  __TI_Handler_Table_Base       
00001b14  __TI_Handler_Table_Limit      
00001639  __TI_auto_init_nobinit_nopinit
000013dd  __TI_decompress_lzss          
000018eb  __TI_decompress_none          
ffffffff  __TI_pprof_out_hndl           
ffffffff  __TI_prof_data_size           
ffffffff  __TI_prof_data_start          
00000000  __TI_static_base__            
00001885  __TI_zero_init_nomemset       
00000f6b  __aeabi_idiv0                 
00000f6b  __aeabi_ldiv0                 
00001171  __aeabi_memcpy                
00001171  __aeabi_memcpy4               
00001171  __aeabi_memcpy8               
000016bd  __aeabi_uidiv                 
000016bd  __aeabi_uidivmod              
ffffffff  __binit__                     
ffffffff  __c_args__                    
UNDEFED   __mpu_init                    
20000000  __stack                       
000017d5  _c_int00_noargs               
UNDEFED   _system_post_cinit            
00001945  _system_pre_init              
00001949  abort                         
ffffffff  binit                         
20000205  g_bMPU6050Done                
00000000  g_pfnVectors                  
00000ced  main                          
00001171  memcpy                        


GLOBAL SYMBOLS: SORTED BY Symbol Address 

address   name                          
-------   ----                          
00000000  __TI_static_base__            
00000000  g_pfnVectors                  
00000200  __STACK_SIZE                  
0000026d  UARTStdioConfig               
000002b3  UARTwrite                     
000002f9  UARTgets                      
000003b3  UARTgetc                      
000003d9  UARTvprintf                   
000006d3  UARTprintf                    
00000869  MPU6050Init                   
000008f3  MPU6050Read                   
00000961  MPU6050Write                  
00000a2b  MPU6050ReadModifyWrite        
00000a89  MPU6050DataRead               
00000aed  MPU6050DataAccelGetRaw        
00000b39  MPU6050DataAccelGetFloat      
00000bcd  MPU6050DataGyroGetRaw         
00000c1d  MPU6050DataGyroGetFloat       
00000cb1  InitConsole                   
00000ced  main                          
00000e39  GPIOPadConfigSet              
00000f6b  __aeabi_idiv0                 
00000f6b  __aeabi_ldiv0                 
00000f6d  SysCtlClockGet                
0000107d  SysCtlClockSet                
00001171  __aeabi_memcpy                
00001171  __aeabi_memcpy4               
00001171  __aeabi_memcpy8               
00001171  memcpy                        
0000120d  I2CMCommand                   
00001295  I2CMReadModifyWrite8          
0000130d  IntDisable                    
00001375  IntEnable                     
000013dd  __TI_decompress_lzss          
00001445  IntIsEnabled                  
00001509  I2CMWrite8                    
0000155d  I2CMasterInitExpClk           
000015a9  GPIOPinConfigure              
000015f1  UARTConfigSetExpClk           
00001639  __TI_auto_init_nobinit_nopinit
000016bd  __aeabi_uidiv                 
000016bd  __aeabi_uidivmod              
000016fd  SysCtlPeripheralPresent       
00001735  I2CMRead                      
0000176b  I2CMWrite                     
000017a1  SysCtlPeripheralEnable        
000017d5  _c_int00_noargs               
00001809  I2CMTransferResume            
00001839  GPIODirModeSet                
00001865  UARTDisable                   
00001885  __TI_zero_init_nomemset       
000018a1  UARTEnable                    
000018b5  GPIOPinTypeI2C                
000018c7  GPIOPinTypeI2CSCL             
000018d9  GPIOPinTypeUART               
000018eb  __TI_decompress_none          
000018f9  IntTrigger                    
00001905  ResetISR                      
00001911  I2CLoopbackEnable             
0000191b  I2CMasterEnable               
00001925  UARTCharGet                   
0000192f  UARTCharPut                   
00001939  SysCtlDelay                   
0000193f  UARTClockSourceSet            
00001945  _system_pre_init              
00001949  C$$EXIT                       
00001949  abort                         
00001b08  __TI_Handler_Table_Base       
00001b14  __TI_Handler_Table_Limit      
00001b28  __TI_CINIT_Base               
00001b38  __TI_CINIT_Limit              
20000000  __stack                       
20000200  __STACK_END                   
20000200  __STACK_TOP                   
20000205  g_bMPU6050Done                
ffffffff  __TI_pprof_out_hndl           
ffffffff  __TI_prof_data_size           
ffffffff  __TI_prof_data_start          
ffffffff  __binit__                     
ffffffff  __c_args__                    
ffffffff  binit                         
UNDEFED   __mpu_init                    
UNDEFED   _system_post_cinit            

[83 symbols]
