###############################################################################
#
# IAR ELF Linker V8.40.2.214/W32 for ARM                  29/Oct/2019  00:23:28
# Copyright 2007-2019 IAR Systems AB.
#
#    Output file  =
#        C:\Users\Youssef
#        Assem\Desktop\MicroController\Microcontrollers-CSE_Smth-Assignments-master\Assignment
#        1\Debug\Exe\Assignment.out
#    Map file     =
#        C:\Users\Youssef
#        Assem\Desktop\MicroController\Microcontrollers-CSE_Smth-Assignments-master\Assignment
#        1\Debug\List\Assignment.map
#    Command line =
#        -f C:\Users\YOUSSE~1\AppData\Local\Temp\EW961C.tmp ("C:\Users\Youssef
#        Assem\Desktop\MicroController\Microcontrollers-CSE_Smth-Assignments-master\Assignment
#        1\Debug\Obj\7seg.o" "C:\Users\Youssef
#        Assem\Desktop\MicroController\Microcontrollers-CSE_Smth-Assignments-master\Assignment
#        1\Debug\Obj\main.o" --no_out_extension -o "C:\Users\Youssef
#        Assem\Desktop\MicroController\Microcontrollers-CSE_Smth-Assignments-master\Assignment
#        1\Debug\Exe\Assignment.out" --redirect _Printf=_PrintfFullNoMb
#        --redirect _Scanf=_ScanfFullNoMb --map "C:\Users\Youssef
#        Assem\Desktop\MicroController\Microcontrollers-CSE_Smth-Assignments-master\Assignment
#        1\Debug\List\Assignment.map" --config "C:\Program Files (x86)\IAR
#        Systems\Embedded Workbench
#        8.3\arm\config\linker\TexasInstruments\TM4C123GH6.icf" --semihosting
#        --entry __iar_program_start --vfe --text_out locale)
#
###############################################################################

*******************************************************************************
*** RUNTIME MODEL ATTRIBUTES
***

CppFlavor       = *
__SystemLibrary = DLib
__dlib_version  = 6


*******************************************************************************
*** HEAP SELECTION
***

The basic heap was selected because some modules are built with
size limitations (and not runtime checking), and --advanced_heap
was not specified.


*******************************************************************************
*** PLACEMENT SUMMARY
***

"A0":  place at address 0x0 { ro section .intvec };
"P1":  place in [from 0x0 to 0x3'ffff] { ro };
define block CSTACK with size = 4K, alignment = 8 { };
define block HEAP with size = 8K, alignment = 8 { };
"P2":  place in [from 0x2000'0000 to 0x2000'7fff] {
          rw, block CSTACK, block HEAP };

No sections matched the following patterns:

  rw  in "P2"


  Section   Kind         Address    Size  Object
  -------   ----         -------    ----  ------
"A0":                               0x40
  .intvec   ro code          0x0    0x40  vector_table_M.o [3]
                          - 0x40    0x40

"P1":                              0x278
  .text     ro code         0x40   0x104  main.o [1]
  .text     ro code        0x144    0xde  7seg.o [1]
  .text     ro code        0x222     0x2  vector_table_M.o [3]
  .rodata   const          0x224    0x40  7seg.o [1]
  .text     ro code        0x264    0x1e  cmain.o [3]
  .text     ro code        0x282     0x4  low_level_init.o [2]
  .text     ro code        0x286     0x4  exit.o [2]
  .text     ro code        0x28c     0xa  cexit.o [3]
  .text     ro code        0x298    0x14  exit.o [4]
  .text     ro code        0x2ac     0xc  cstartup_M.o [3]
                         - 0x2b8   0x278

"P2":                             0x1000
  CSTACK             0x2000'0000  0x1000  <Block>
    CSTACK  uninit   0x2000'0000  0x1000  <Block tail>
                   - 0x2000'1000  0x1000

Unused ranges:

         From           To      Size
         ----           --      ----
        0x2b8     0x3'ffff  0x3'fd48
  0x2000'1000  0x2000'7fff    0x7000



*******************************************************************************
*** MODULE SUMMARY
***

    Module            ro code  ro data  rw data
    ------            -------  -------  -------
command line/config:
    -------------------------------------------
    Total:

C:\Users\Youssef Assem\Desktop\MicroController\Microcontrollers-CSE_Smth-Assignments-master\Assignment 1\Debug\Obj: [1]
    7seg.o                222       64
    main.o                260
    -------------------------------------------
    Total:                482       64

dl7M_tln.a: [2]
    exit.o                  4
    low_level_init.o        4
    -------------------------------------------
    Total:                  8

rt7M_tl.a: [3]
    cexit.o                10
    cmain.o                30
    cstartup_M.o           12
    vector_table_M.o       66
    -------------------------------------------
    Total:                118

shb_l.a: [4]
    exit.o                 20
    -------------------------------------------
    Total:                 20

    Gaps                    4
    Linker created                        4'096
-----------------------------------------------
    Grand Total:          632       64    4'096


*******************************************************************************
*** ENTRY LIST
***

Entry                     Address  Size  Type      Object
-----                     -------  ----  ----      ------
?main                       0x265        Code  Gb  cmain.o [3]
CSTACK$$Base          0x2000'0000         --   Gb  - Linker created -
CSTACK$$Limit         0x2000'1000         --   Gb  - Linker created -
Region$$Table$$Base           0x0         --   Gb  - Linker created -
Region$$Table$$Limit          0x0         --   Gb  - Linker created -
SEG7_ARR                    0x224  0x40  Data  Gb  7seg.o [1]
__cmain                     0x265        Code  Gb  cmain.o [3]
__exit                      0x299  0x14  Code  Gb  exit.o [4]
__iar_program_start         0x2ad        Code  Gb  cstartup_M.o [3]
__low_level_init            0x283   0x4  Code  Gb  low_level_init.o [2]
__vector_table                0x0        Data  Gb  vector_table_M.o [3]
_call_main                  0x271        Code  Gb  cmain.o [3]
_exit                       0x28d        Code  Gb  cexit.o [3]
_main                       0x27f        Code  Gb  cmain.o [3]
clear_seg7                  0x167  0x22  Code  Gb  7seg.o [1]
decr_seg7                   0x1e5  0x14  Code  Gb  7seg.o [1]
delay                        0x41   0xc  Code  Gb  main.o [1]
draw_seg7                   0x189  0x42  Code  Gb  7seg.o [1]
exit                        0x287   0x4  Code  Gb  exit.o [2]
incr_seg7                   0x1d1  0x14  Code  Gb  7seg.o [1]
init_seg7                   0x145  0x22  Code  Gb  7seg.o [1]
main                         0x4d  0xc8  Code  Gb  main.o [1]
reset_seg7                  0x219   0xa  Code  Gb  7seg.o [1]
set_val_seg7                0x1f9  0x20  Code  Gb  7seg.o [1]


[1] = C:\Users\Youssef Assem\Desktop\MicroController\Microcontrollers-CSE_Smth-Assignments-master\Assignment 1\Debug\Obj
[2] = dl7M_tln.a
[3] = rt7M_tl.a
[4] = shb_l.a

    632 bytes of readonly  code memory
     64 bytes of readonly  data memory
  4'096 bytes of readwrite data memory

Errors: none
Warnings: none
