###############################################################################
#
# IAR ELF Linker V8.40.2.214/W32 for ARM                  27/Oct/2019  04:32:14
# Copyright 2007-2019 IAR Systems AB.
#
#    Output file  =  C:\Data\Projects\IAR Workbench\Debug\Exe\Assignment.out
#    Map file     =  C:\Data\Projects\IAR Workbench\Debug\List\Assignment.map
#    Command line =
#        -f C:\Users\robea\AppData\Local\Temp\EWED48.tmp ("C:\Data\Projects\IAR
#        Workbench\Debug\Obj\7seg.o" "C:\Data\Projects\IAR
#        Workbench\Debug\Obj\main.o" --no_out_extension -o
#        "C:\Data\Projects\IAR Workbench\Debug\Exe\Assignment.out" --redirect
#        _Printf=_PrintfFullNoMb --redirect _Scanf=_ScanfFullNoMb --map
#        "C:\Data\Projects\IAR Workbench\Debug\List\Assignment.map" --config
#        "C:\Program Files (x86)\IAR Systems\Embedded Workbench
#        8.3\arm\CONFIG\generic_cortex.icf" --semihosting --entry
#        __iar_program_start --vfe --text_out locale)
#
###############################################################################

*******************************************************************************
*** RUNTIME MODEL ATTRIBUTES
***

CppFlavor       = *
__SystemLibrary = DLib
__dlib_version  = 6


*******************************************************************************
*** HEAP SELECTION
***

The basic heap was selected because no calls to memory allocation
functions were found in the application outside of system library
functions, and there are calls to deallocation functions in the
application.


*******************************************************************************
*** PLACEMENT SUMMARY
***

"A0":  place at address 0x0 { ro section .intvec };
"P1":  place in [from 0x0 to 0x7'ffff] { ro };
define block CSTACK with size = 1K, alignment = 8 { };
define block PROC_STACK with size = 0, alignment = 8 { };
define block HEAP with size = 2K, alignment = 8 { };
"P2":  place in [from 0x2000'0000 to 0x2000'ffff] {
          rw, block CSTACK, block PROC_STACK, block HEAP };

No sections matched the following patterns:

  rw  in "P2"


  Section   Kind         Address   Size  Object
  -------   ----         -------   ----  ------
"A0":                              0x40
  .intvec   ro code          0x0   0x40  vector_table_M.o [3]
                          - 0x40   0x40

"P1":                             0x22c
  .text     ro code         0x40   0xde  7seg.o [1]
  .text     ro code        0x11e    0x2  vector_table_M.o [3]
  .text     ro code        0x120   0xb8  main.o [1]
  .rodata   const          0x1d8   0x40  7seg.o [1]
  .text     ro code        0x218   0x1e  cmain.o [3]
  .text     ro code        0x236    0x4  low_level_init.o [2]
  .text     ro code        0x23a    0x4  exit.o [2]
  .text     ro code        0x240    0xa  cexit.o [3]
  .text     ro code        0x24c   0x14  exit.o [4]
  .text     ro code        0x260    0xc  cstartup_M.o [3]
                         - 0x26c  0x22c

"P2":                             0x400
  CSTACK             0x2000'0000  0x400  <Block>
    CSTACK  uninit   0x2000'0000  0x400  <Block tail>
                   - 0x2000'0400  0x400

Unused ranges:

         From           To      Size
         ----           --      ----
        0x26c     0x7'ffff  0x7'fd94
  0x2000'0400  0x2000'ffff    0xfc00



*******************************************************************************
*** MODULE SUMMARY
***

    Module            ro code  ro data  rw data
    ------            -------  -------  -------
command line/config:
    -------------------------------------------
    Total:

C:\Data\Projects\IAR Workbench\Debug\Obj: [1]
    7seg.o                222       64
    main.o                184
    -------------------------------------------
    Total:                406       64

dl7M_tln.a: [2]
    exit.o                  4
    low_level_init.o        4
    -------------------------------------------
    Total:                  8

rt7M_tl.a: [3]
    cexit.o                10
    cmain.o                30
    cstartup_M.o           12
    vector_table_M.o       66
    -------------------------------------------
    Total:                118

shb_l.a: [4]
    exit.o                 20
    -------------------------------------------
    Total:                 20

    Gaps                    4
    Linker created                        1'024
-----------------------------------------------
    Grand Total:          556       64    1'024


*******************************************************************************
*** ENTRY LIST
***

Entry                     Address  Size  Type      Object
-----                     -------  ----  ----      ------
?main                       0x219        Code  Gb  cmain.o [3]
CSTACK$$Base          0x2000'0000         --   Gb  - Linker created -
CSTACK$$Limit         0x2000'0400         --   Gb  - Linker created -
Region$$Table$$Base           0x0         --   Gb  - Linker created -
Region$$Table$$Limit          0x0         --   Gb  - Linker created -
SEG7_ARR                    0x1d8  0x40  Data  Gb  7seg.o [1]
__cmain                     0x219        Code  Gb  cmain.o [3]
__exit                      0x24d  0x14  Code  Gb  exit.o [4]
__iar_program_start         0x261        Code  Gb  cstartup_M.o [3]
__low_level_init            0x237   0x4  Code  Gb  low_level_init.o [2]
__vector_table                0x0        Data  Gb  vector_table_M.o [3]
_call_main                  0x225        Code  Gb  cmain.o [3]
_exit                       0x241        Code  Gb  cexit.o [3]
_main                       0x233        Code  Gb  cmain.o [3]
clear_seg7                   0x63  0x22  Code  Gb  7seg.o [1]
decr_seg7                    0xe1  0x14  Code  Gb  7seg.o [1]
draw_seg7                    0x85  0x42  Code  Gb  7seg.o [1]
exit                        0x23b   0x4  Code  Gb  exit.o [2]
incr_seg7                    0xcd  0x14  Code  Gb  7seg.o [1]
init_seg7                    0x41  0x22  Code  Gb  7seg.o [1]
main                        0x121  0xb8  Code  Gb  main.o [1]
reset_seg7                  0x115   0xa  Code  Gb  7seg.o [1]
set_val_seg7                 0xf5  0x20  Code  Gb  7seg.o [1]


[1] = C:\Data\Projects\IAR Workbench\Debug\Obj
[2] = dl7M_tln.a
[3] = rt7M_tl.a
[4] = shb_l.a

    556 bytes of readonly  code memory
     64 bytes of readonly  data memory
  1'024 bytes of readwrite data memory

Errors: none
Warnings: none
