###############################################################################
#
# IAR ELF Linker V8.40.2.214/W32 for ARM                  03/Nov/2019  20:07:42
# Copyright 2007-2019 IAR Systems AB.
#
#    Output file  =
#        C:\Users\robea\OneDrive\Desktop\Microcontrollers-CSE_Smth-Assignments\Assignment
#        1\Debug\Exe\Assignment.out
#    Map file     =
#        C:\Users\robea\OneDrive\Desktop\Microcontrollers-CSE_Smth-Assignments\Assignment
#        1\Debug\List\Assignment.map
#    Command line =
#        -f C:\Users\robea\AppData\Local\Temp\EW58F6.tmp
#        ("C:\Users\robea\OneDrive\Desktop\Microcontrollers-CSE_Smth-Assignments\Assignment
#        1\Debug\Obj\7seg.o"
#        "C:\Users\robea\OneDrive\Desktop\Microcontrollers-CSE_Smth-Assignments\Assignment
#        1\Debug\Obj\main.o"
#        "C:\Users\robea\OneDrive\Desktop\Microcontrollers-CSE_Smth-Assignments\Assignment
#        1\Debug\Obj\pad.o" --no_out_extension -o
#        "C:\Users\robea\OneDrive\Desktop\Microcontrollers-CSE_Smth-Assignments\Assignment
#        1\Debug\Exe\Assignment.out" --redirect _Printf=_PrintfFullNoMb
#        --redirect _Scanf=_ScanfFullNoMb --map
#        "C:\Users\robea\OneDrive\Desktop\Microcontrollers-CSE_Smth-Assignments\Assignment
#        1\Debug\List\Assignment.map" --config "C:\Program Files (x86)\IAR
#        Systems\Embedded Workbench
#        8.3\arm\config\linker\TexasInstruments\TM4C123GH6.icf" --semihosting
#        --entry __iar_program_start --vfe --text_out locale)
#
###############################################################################

*******************************************************************************
*** RUNTIME MODEL ATTRIBUTES
***

CppFlavor       = *
__SystemLibrary = DLib
__dlib_version  = 6


*******************************************************************************
*** HEAP SELECTION
***

The basic heap was selected because no calls to memory allocation
functions were found in the application outside of system library
functions, and there are calls to deallocation functions in the
application.


*******************************************************************************
*** PLACEMENT SUMMARY
***

"A0":  place at address 0x0 { ro section .intvec };
"P1":  place in [from 0x0 to 0x3'ffff] { ro };
define block CSTACK with size = 4K, alignment = 8 { };
define block HEAP with size = 8K, alignment = 8 { };
"P2":  place in [from 0x2000'0000 to 0x2000'7fff] {
          rw, block CSTACK, block HEAP };
initialize by copy { rw };

  Section            Kind         Address    Size  Object
  -------            ----         -------    ----  ------
"A0":                                        0x40
  .intvec            ro code          0x0    0x40  vector_table_M.o [4]
                                   - 0x40    0x40

"P1":                                      0x2024
  .text              ro code         0x40   0xfaa  xprintffull_nomb.o [2]
  .text              ro code        0xfea     0x2  vector_table_M.o [4]
  .text              ro code        0xfec    0x16  strchr.o [4]
  .text              ro code       0x1004    0x40  xfail_s.o [2]
  .text              ro code       0x1044    0x36  strlen.o [4]
  .text              ro code       0x107c    0x58  memchr.o [4]
  .text              ro code       0x10d4    0x76  ABImemcpy_unaligned.o [4]
  .text              ro code       0x114c    0x70  frexp.o [3]
  .text              ro code       0x11bc    0x2e  DblCmpLe.o [3]
  .text              ro code       0x11ec    0x2e  DblCmpGe.o [3]
  .text              ro code       0x121c   0x13a  ldexp.o [3]
  .text              ro code       0x1358    0x3a  DblToS32.o [3]
  .text              ro code       0x1394    0x22  S32ToDbl.o [3]
  .text              ro code       0x13b8    0xe2  DblSub.o [3]
  .text              ro code       0x149c   0x246  DblDiv.o [3]
  .text              ro code       0x16e4    0x28  DblToU32.o [3]
  .text              ro code       0x170c    0x1a  U32ToDbl.o [3]
  .text              ro code       0x1728   0x1a2  DblMul.o [3]
  .text              ro code       0x18cc   0x230  I64DivMod.o [4]
  .text              ro code       0x1afc     0x6  abort.o [2]
  .text              ro code       0x1b04   0x16a  DblAdd.o [3]
  .text              ro code       0x1c70     0x2  I64DivZer.o [4]
  .text              ro code       0x1c74    0x14  exit.o [5]
  .text              ro code       0x1c88    0x7c  iarttio.o [5]
  .text              ro code       0x1d04    0x3c  XShttio.o [2]
  .text              ro code       0x1d40    0xc8  pad.o [1]
  .text              ro code       0x1e08    0x28  printf.o [2]
  .text              ro code       0x1e30    0x7c  main.o [1]
  .rodata            const         0x1eac    0x40  pad.o [1]
  .text              ro code       0x1eec    0x38  packbits_init_single.o [4]
  .text              ro code       0x1f24    0x28  data_init.o [4]
  .text              ro code       0x1f4c    0x22  iarwrite.o [5]
  .iar.init_table    const         0x1f70    0x10  - Linker created -
  .text              ro code       0x1f80    0x20  putchar.o [2]
  .text              ro code       0x1fa0    0x10  write.o [5]
  .text              ro code       0x1fb0    0x1e  dwrite.o [5]
  .text              ro code       0x1fce    0x20  iarwstd.o [5]
  .text              ro code       0x1ff0    0x1e  cmain.o [4]
  .text              ro code       0x200e     0x4  low_level_init.o [2]
  .text              ro code       0x2012     0x4  exit.o [2]
  .text              ro code       0x2018     0xa  cexit.o [4]
  .text              ro code       0x2022    0x16  xprout.o [2]
  .rodata            const         0x2038    0x14  pad.o [1]
  .text              ro code       0x204c     0xc  cstartup_M.o [4]
  .rodata            const         0x2058     0x8  xprintffull_nomb.o [2]
  .rodata            const         0x2060     0x0  packbits_init_single.o [4]
  Initializer bytes  const         0x2060     0x4  <for P2-1>
                                 - 0x2064  0x2024

"P2", part 1 of 2:                            0xd
  P2-1                        0x2000'0000     0xd  <Init block>
    .data            inited   0x2000'0000     0x8  XShttio.o [2]
    .bss             inited   0x2000'0008     0x4  xfail_s.o [2]
    .bss             inited   0x2000'000c     0x1  XShttio.o [2]
                            - 0x2000'000d     0xd

"P2", part 2 of 2:                         0x1000
  CSTACK                      0x2000'0010  0x1000  <Block>
    CSTACK           uninit   0x2000'0010  0x1000  <Block tail>
                            - 0x2000'1010  0x1000

Unused ranges:

         From           To      Size
         ----           --      ----
       0x2064     0x3'ffff  0x3'df9c
  0x2000'000d  0x2000'000f       0x3
  0x2000'1010  0x2000'7fff    0x6ff0


*******************************************************************************
*** INIT TABLE
***

          Address      Size
          -------      ----
Copy/packbits (__iar_packbits_init_single3)
    1 source range, total size 0x4 (30% of destination):
               0x2060   0x4
    1 destination range, total size 0xd:
          0x2000'0000   0xd



*******************************************************************************
*** MODULE SUMMARY
***

    Module                  ro code  ro data  rw data
    ------                  -------  -------  -------
command line/config:
    -------------------------------------------------
    Total:

C:\Users\robea\OneDrive\Desktop\Microcontrollers-CSE_Smth-Assignments\Assignment 1\Debug\Obj: [1]
    main.o                      124
    pad.o                       200       84
    -------------------------------------------------
    Total:                      324       84

dl7M_tln.a: [2]
    XShttio.o                    60        3        9
    abort.o                       6
    exit.o                        4
    low_level_init.o              4
    printf.o                     40
    putchar.o                    32
    xfail_s.o                    64        1        4
    xprintffull_nomb.o        4'010        8
    xprout.o                     22
    -------------------------------------------------
    Total:                    4'242       12       13

m7M_tl.a: [3]
    DblAdd.o                    362
    DblCmpGe.o                   46
    DblCmpLe.o                   46
    DblDiv.o                    582
    DblMul.o                    418
    DblSub.o                    226
    DblToS32.o                   58
    DblToU32.o                   40
    S32ToDbl.o                   34
    U32ToDbl.o                   26
    frexp.o                     112
    ldexp.o                     314
    -------------------------------------------------
    Total:                    2'264

rt7M_tl.a: [4]
    ABImemcpy_unaligned.o       118
    I64DivMod.o                 560
    I64DivZer.o                   2
    cexit.o                      10
    cmain.o                      30
    cstartup_M.o                 12
    data_init.o                  40
    memchr.o                     88
    packbits_init_single.o       56
    strchr.o                     22
    strlen.o                     54
    vector_table_M.o             66
    -------------------------------------------------
    Total:                    1'058

shb_l.a: [5]
    dwrite.o                     30
    exit.o                       20
    iarttio.o                   124
    iarwrite.o                   34
    iarwstd.o                    32
    write.o                      16
    -------------------------------------------------
    Total:                      256

    Gaps                         34        2
    Linker created                        16    4'096
-----------------------------------------------------
    Grand Total:              8'178      114    4'109


*******************************************************************************
*** ENTRY LIST
***

Entry                       Address   Size  Type      Object
-----                       -------   ----  ----      ------
.iar.init_table$$Base        0x1f70          --   Gb  - Linker created -
.iar.init_table$$Limit       0x1f80          --   Gb  - Linker created -
?main                        0x1ff1         Code  Gb  cmain.o [4]
CSTACK$$Base            0x2000'0010          --   Gb  - Linker created -
CSTACK$$Limit           0x2000'1010          --   Gb  - Linker created -
KEYMAP                       0x1eac   0x40  Data  Gb  pad.o [1]
Region$$Table$$Base          0x1f70          --   Gb  - Linker created -
Region$$Table$$Limit         0x1f80          --   Gb  - Linker created -
_LitobFullNoMb                0xde5  0x10a  Code  Lc  xprintffull_nomb.o [2]
_PrintfFullNoMb                0x41  0xd80  Code  Gb  xprintffull_nomb.o [2]
_Prout                       0x2023   0x16  Code  Gb  xprout.o [2]
_PutcharFullNoMb              0xf55   0x20  Code  Lc  xprintffull_nomb.o [2]
_PutcharsFullNoMb             0xf75   0x2e  Code  Lc  xprintffull_nomb.o [2]
__aeabi_cdcmple              0x11bd         Code  Gb  DblCmpLe.o [3]
__aeabi_cdrcmple             0x11ed         Code  Gb  DblCmpGe.o [3]
__aeabi_d2iz                 0x1359         Code  Gb  DblToS32.o [3]
__aeabi_d2uiz                0x16e5         Code  Gb  DblToU32.o [3]
__aeabi_ddiv                 0x149d         Code  Gb  DblDiv.o [3]
__aeabi_dmul                 0x1729         Code  Gb  DblMul.o [3]
__aeabi_dsub                 0x13b9         Code  Gb  DblSub.o [3]
__aeabi_i2d                  0x1395         Code  Gb  S32ToDbl.o [3]
__aeabi_ldiv0                0x1c71         Code  Gb  I64DivZer.o [4]
__aeabi_ui2d                 0x170d         Code  Gb  U32ToDbl.o [3]
__aeabi_uldivmod             0x18cd         Code  Gb  I64DivMod.o [4]
__cmain                      0x1ff1         Code  Gb  cmain.o [4]
__dwrite                     0x1fb1   0x1e  Code  Gb  dwrite.o [5]
__exit                       0x1c75   0x14  Code  Gb  exit.o [5]
__iar_Fail_s                 0x1005   0x1c  Code  Gb  xfail_s.o [2]
__iar_Memchr                 0x107d         Code  Gb  memchr.o [4]
__iar_Strchr                  0xfed         Code  Gb  strchr.o [4]
__iar_close_ttio             0x1c89   0x2c  Code  Gb  iarttio.o [5]
__iar_dadd                   0x13c9         Code  Gb  DblSub.o [3]
__iar_data_init3             0x1f25   0x28  Code  Gb  data_init.o [4]
__iar_dsub                   0x1b05         Code  Gb  DblAdd.o [3]
__iar_dsubStart              0x1b17         Code  Gb  DblAdd.o [3]
__iar_frexp                  0x1159         Code  Gb  frexp.o [3]
__iar_frexp64                0x114d         Code  Gb  frexp.o [3]
__iar_frexpl                 0x1159         Code  Gb  frexp.o [3]
__iar_get_ttio               0x1cb5   0x4c  Code  Gb  iarttio.o [5]
__iar_ldexp64                0x121d         Code  Gb  ldexp.o [3]
__iar_lookup_ttioh           0x1d33    0x4  Code  Gb  XShttio.o [2]
__iar_packbits_init_single3
                             0x1eed   0x38  Code  Gb  packbits_init_single.o [4]
__iar_program_start          0x204d         Code  Gb  cstartup_M.o [4]
__iar_scalbln64              0x121d         Code  Gb  ldexp.o [3]
__iar_scalbn64               0x121d         Code  Gb  ldexp.o [3]
__iar_sh_stdout              0x1fcf   0x20  Code  Gb  iarwstd.o [5]
__iar_sh_write               0x1f4d   0x22  Code  Gb  iarwrite.o [5]
__iar_ttio_guard_lock        0x1d05   0x1e  Code  Gb  XShttio.o [2]
__iar_ttio_guard_unlock
                             0x1d23   0x10  Code  Gb  XShttio.o [2]
__iar_ttio_handles      0x2000'0000    0x8  Data  Lc  XShttio.o [2]
__iar_unaligned_memcpy       0x10d5         Code  Gb  ABImemcpy_unaligned.o [4]
__iar_unaligned_memcpy4
                             0x10f5         Code  Gb  ABImemcpy_unaligned.o [4]
__iar_unaligned_memcpy8
                             0x10f5         Code  Gb  ABImemcpy_unaligned.o [4]
__low_level_init             0x200f    0x4  Code  Gb  low_level_init.o [2]
__vector_table                  0x0         Data  Gb  vector_table_M.o [4]
__write                      0x1fa1   0x10  Code  Gb  write.o [5]
_call_main                   0x1ffd         Code  Gb  cmain.o [4]
_exit                        0x2019         Code  Gb  cexit.o [4]
_main                        0x200b         Code  Gb  cmain.o [4]
abort                        0x1afd    0x6  Code  Gb  abort.o [2]
exit                         0x2013    0x4  Code  Gb  exit.o [2]
frexp                        0x114d         Code  Gb  frexp.o [3]
frexpl                       0x114d         Code  Gb  frexp.o [3]
get_button                   0x1ddb   0x1e  Code  Gb  pad.o [1]
get_column_value             0x1db7   0x24  Code  Gb  pad.o [1]
get_key                      0x1d5f   0x58  Code  Gb  pad.o [1]
ldexp                        0x121d         Code  Gb  ldexp.o [3]
ldexpl                       0x121d         Code  Gb  ldexp.o [3]
main                         0x1e31   0x60  Code  Gb  main.o [1]
memchr                       0x107d         Code  Gb  memchr.o [4]
poll_keypad                  0x1d41   0x1e  Code  Gb  pad.o [1]
printf                       0x1e09   0x28  Code  Gb  printf.o [2]
putchar                      0x1f81   0x20  Code  Gb  putchar.o [2]
scalbln                      0x121d         Code  Gb  ldexp.o [3]
scalblnl                     0x121d         Code  Gb  ldexp.o [3]
scalbn                       0x121d         Code  Gb  ldexp.o [3]
scalbnl                      0x121d         Code  Gb  ldexp.o [3]
scale                         0xeef   0x46  Code  Lc  xprintffull_nomb.o [2]
sec_hand                0x2000'0008    0x4  Data  Lc  xfail_s.o [2]
strchr                        0xfed         Code  Gb  strchr.o [4]
strlen                       0x1045         Code  Gb  strlen.o [4]
ttio_guard              0x2000'000c    0x1  Data  Lc  XShttio.o [2]


[1] = C:\Users\robea\OneDrive\Desktop\Microcontrollers-CSE_Smth-Assignments\Assignment 1\Debug\Obj
[2] = dl7M_tln.a
[3] = m7M_tl.a
[4] = rt7M_tl.a
[5] = shb_l.a

  8'178 bytes of readonly  code memory
    114 bytes of readonly  data memory
  4'109 bytes of readwrite data memory

Errors: none
Warnings: none
